Copyright 1986-2020 Xilinx, Inc. All Rights Reserved.
----------------------------------------------------------------------------------------------------------------------------------
| Tool Version : Vivado v.2020.2 (win64) Build 3064766 Wed Nov 18 09:12:45 MST 2020
| Date         : Fri Sep  4 14:03:04 2026
| Host         : duyu running 64-bit major release  (build 9200)
| Command      : report_utilization -hierarchical -hierarchical_depth 8 -file D:/cnn_soc/reports/B1/b1_synth_utilization_hier.rpt
| Design       : cnn_system_wrapper
| Device       : 7z020clg400-2
| Design State : Synthesized
----------------------------------------------------------------------------------------------------------------------------------

Utilization Design Information

Table of Contents
-----------------
1. Utilization by Hierarchy

1. Utilization by Hierarchy
---------------------------

+---------------------------------------------------------------------------------------------------+-------------------------------------------------------------------------------------+------------+------------+---------+------+------+--------+--------+------------+
|                                              Instance                                             |                                        Module                                       | Total LUTs | Logic LUTs | LUTRAMs | SRLs |  FFs | RAMB36 | RAMB18 | DSP Blocks |
+---------------------------------------------------------------------------------------------------+-------------------------------------------------------------------------------------+------------+------------+---------+------+------+--------+--------+------------+
| cnn_system_wrapper                                                                                |                                                                               (top) |       8474 |       7341 |     896 |  237 | 7110 |      4 |      1 |        152 |
|   cnn_system_i                                                                                    |                                                                          cnn_system |       8474 |       7341 |     896 |  237 | 7110 |      4 |      1 |        152 |
|     (cnn_system_i)                                                                                |                                                                          cnn_system |          0 |          0 |       0 |    0 |    0 |      0 |      0 |          0 |
|     axi_dma_0                                                                                     |                                                              cnn_system_axi_dma_0_0 |       1350 |       1194 |       8 |  148 | 1732 |      2 |      0 |          0 |
|       (axi_dma_0)                                                                                 |                                                              cnn_system_axi_dma_0_0 |          0 |          0 |       0 |    0 |    0 |      0 |      0 |          0 |
|       U0                                                                                          |                                                      cnn_system_axi_dma_0_0_axi_dma |       1350 |       1194 |       8 |  148 | 1732 |      2 |      0 |          0 |
|         (U0)                                                                                      |                                                      cnn_system_axi_dma_0_0_axi_dma |          0 |          0 |       0 |    0 |    0 |      0 |      0 |          0 |
|         INCLUDE_MM2S_SOF_EOF_GENERATOR.I_MM2S_DMA_MNGR                                            |                                            cnn_system_axi_dma_0_0_axi_dma_mm2s_mngr |         13 |         13 |       0 |    0 |   64 |      0 |      0 |          0 |
|           (INCLUDE_MM2S_SOF_EOF_GENERATOR.I_MM2S_DMA_MNGR)                                        |                                            cnn_system_axi_dma_0_0_axi_dma_mm2s_mngr |          0 |          0 |       0 |    0 |    1 |      0 |      0 |          0 |
|           GEN_MM2S_DMA_CONTROL.GEN_SIMPLE_DMA_MODE.I_MM2S_SMPL_SM                                 |                                          cnn_system_axi_dma_0_0_axi_dma_smple_sm_29 |          9 |          9 |       0 |    0 |   53 |      0 |      0 |          0 |
|           GEN_MM2S_DMA_CONTROL.I_MM2S_CMDSTS                                                      |                                       cnn_system_axi_dma_0_0_axi_dma_mm2s_cmdsts_if |          2 |          2 |       0 |    0 |    7 |      0 |      0 |          0 |
|           GEN_MM2S_DMA_CONTROL.I_MM2S_STS_MNGR                                                    |                                        cnn_system_axi_dma_0_0_axi_dma_mm2s_sts_mngr |          2 |          2 |       0 |    0 |    3 |      0 |      0 |          0 |
|         INCLUDE_MM2S_SOF_EOF_GENERATOR.I_MM2S_SOFEOF_GEN                                          |                                           cnn_system_axi_dma_0_0_axi_dma_sofeof_gen |          4 |          4 |       0 |    0 |    7 |      0 |      0 |          0 |
|         INCLUDE_S2MM_SOF_EOF_GENERATOR.I_S2MM_DMA_MNGR                                            |                                            cnn_system_axi_dma_0_0_axi_dma_s2mm_mngr |         22 |         22 |       0 |    0 |   80 |      0 |      0 |          0 |
|           (INCLUDE_S2MM_SOF_EOF_GENERATOR.I_S2MM_DMA_MNGR)                                        |                                            cnn_system_axi_dma_0_0_axi_dma_s2mm_mngr |          0 |          0 |       0 |    0 |    1 |      0 |      0 |          0 |
|           GEN_S2MM_DMA_CONTROL.GEN_SIMPLE_DMA_MODE.I_S2MM_SMPL_SM                                 |                                             cnn_system_axi_dma_0_0_axi_dma_smple_sm |          9 |          9 |       0 |    0 |   53 |      0 |      0 |          0 |
|           GEN_S2MM_DMA_CONTROL.I_S2MM_CMDSTS                                                      |                                       cnn_system_axi_dma_0_0_axi_dma_s2mm_cmdsts_if |         11 |         11 |       0 |    0 |   23 |      0 |      0 |          0 |
|           GEN_S2MM_DMA_CONTROL.I_S2MM_STS_MNGR                                                    |                                        cnn_system_axi_dma_0_0_axi_dma_s2mm_sts_mngr |          2 |          2 |       0 |    0 |    3 |      0 |      0 |          0 |
|         INCLUDE_S2MM_SOF_EOF_GENERATOR.I_S2MM_SOFEOF_GEN                                          |                                         cnn_system_axi_dma_0_0_axi_dma_sofeof_gen_0 |          4 |          4 |       0 |    0 |    7 |      0 |      0 |          0 |
|         I_AXI_DMA_REG_MODULE                                                                      |                                           cnn_system_axi_dma_0_0_axi_dma_reg_module |        146 |        146 |       0 |    0 |  243 |      0 |      0 |          0 |
|           (I_AXI_DMA_REG_MODULE)                                                                  |                                           cnn_system_axi_dma_0_0_axi_dma_reg_module |          2 |          2 |       0 |    0 |    0 |      0 |      0 |          0 |
|           GEN_AXI_LITE_IF.AXI_LITE_IF_I                                                           |                                              cnn_system_axi_dma_0_0_axi_dma_lite_if |        103 |        103 |       0 |    0 |   85 |      0 |      0 |          0 |
|           GEN_MM2S_REGISTERS.I_MM2S_DMA_REGISTER                                                  |                                             cnn_system_axi_dma_0_0_axi_dma_register |         24 |         24 |       0 |    0 |   79 |      0 |      0 |          0 |
|           GEN_S2MM_REGISTERS.I_S2MM_DMA_REGISTER                                                  |                                        cnn_system_axi_dma_0_0_axi_dma_register_s2mm |         17 |         17 |       0 |    0 |   79 |      0 |      0 |          0 |
|         I_PRMRY_DATAMOVER                                                                         |                                                cnn_system_axi_dma_0_0_axi_datamover |       1137 |        981 |       8 |  148 | 1289 |      2 |      0 |          0 |
|           GEN_MM2S_FULL.I_MM2S_FULL_WRAPPER                                                       |                                 cnn_system_axi_dma_0_0_axi_datamover_mm2s_full_wrap |        396 |        339 |       0 |   57 |  403 |      1 |      0 |          0 |
|             ENABLE_AXIS_SKID.I_MM2S_SKID_BUF                                                      |                                    cnn_system_axi_dma_0_0_axi_datamover_skid_buf_12 |          7 |          7 |       0 |    0 |   26 |      0 |      0 |          0 |
|             GEN_INCLUDE_MM2S_SF.I_RD_SF                                                           |                                          cnn_system_axi_dma_0_0_axi_datamover_rd_sf |        113 |        111 |       0 |    2 |   61 |      1 |      0 |          0 |
|               (GEN_INCLUDE_MM2S_SF.I_RD_SF)                                                       |                                          cnn_system_axi_dma_0_0_axi_datamover_rd_sf |          7 |          7 |       0 |    0 |    8 |      0 |      0 |          0 |
|               I_DATA_FIFO                                                                         |                                   cnn_system_axi_dma_0_0_axi_datamover_sfifo_autord |         98 |         98 |       0 |    0 |   47 |      1 |      0 |          0 |
|                 BLK_MEM.I_SYNC_FIFOGEN_FIFO                                                       |                                                 cnn_system_axi_dma_0_0_sync_fifo_fg |         98 |         98 |       0 |    0 |   47 |      1 |      0 |          0 |
|               OMIT_DRE_CNTL.I_DRE_CNTL_FIFO                                                       |                           cnn_system_axi_dma_0_0_axi_datamover_fifo__parameterized3 |          8 |          6 |       0 |    2 |    6 |      0 |      0 |          0 |
|                 (OMIT_DRE_CNTL.I_DRE_CNTL_FIFO)                                                   |                           cnn_system_axi_dma_0_0_axi_datamover_fifo__parameterized3 |          1 |          1 |       0 |    0 |    2 |      0 |      0 |          0 |
|                 USE_SRL_FIFO.I_SYNC_FIFO                                                          |                                   cnn_system_axi_dma_0_0_srl_fifo_f__parameterized1 |          7 |          5 |       0 |    2 |    4 |      0 |      0 |          0 |
|             I_ADDR_CNTL                                                                           |                                      cnn_system_axi_dma_0_0_axi_datamover_addr_cntl |         48 |          9 |       0 |   39 |   50 |      0 |      0 |          0 |
|               (I_ADDR_CNTL)                                                                       |                                      cnn_system_axi_dma_0_0_axi_datamover_addr_cntl |          1 |          1 |       0 |    0 |   44 |      0 |      0 |          0 |
|               GEN_ADDR_FIFO.I_ADDR_QUAL_FIFO                                                      |                        cnn_system_axi_dma_0_0_axi_datamover_fifo__parameterized1_16 |         47 |          8 |       0 |   39 |    6 |      0 |      0 |          0 |
|                 (GEN_ADDR_FIFO.I_ADDR_QUAL_FIFO)                                                  |                        cnn_system_axi_dma_0_0_axi_datamover_fifo__parameterized1_16 |          1 |          1 |       0 |    0 |    2 |      0 |      0 |          0 |
|                 USE_SRL_FIFO.I_SYNC_FIFO                                                          |                                                cnn_system_axi_dma_0_0_srl_fifo_f_17 |         46 |          7 |       0 |   39 |    4 |      0 |      0 |          0 |
|             I_CMD_STATUS                                                                          |                                     cnn_system_axi_dma_0_0_axi_datamover_cmd_status |         13 |         13 |       0 |    0 |   59 |      0 |      0 |          0 |
|               GEN_INCLUDE_STATUS_FIFO.I_STS_FIFO                                                  |                           cnn_system_axi_dma_0_0_axi_datamover_fifo__parameterized0 |          7 |          7 |       0 |    0 |    6 |      0 |      0 |          0 |
|               I_CMD_FIFO                                                                          |                                        cnn_system_axi_dma_0_0_axi_datamover_fifo_15 |          6 |          6 |       0 |    0 |   53 |      0 |      0 |          0 |
|             I_MSTR_PCC                                                                            |                                            cnn_system_axi_dma_0_0_axi_datamover_pcc |        149 |        149 |       0 |    0 |  156 |      0 |      0 |          0 |
|               (I_MSTR_PCC)                                                                        |                                            cnn_system_axi_dma_0_0_axi_datamover_pcc |        148 |        148 |       0 |    0 |  156 |      0 |      0 |          0 |
|               I_STRT_STRB_GEN                                                                     |                                      cnn_system_axi_dma_0_0_axi_datamover_strb_gen2 |          1 |          1 |       0 |    0 |    0 |      0 |      0 |          0 |
|             I_RD_DATA_CNTL                                                                        |                                    cnn_system_axi_dma_0_0_axi_datamover_rddata_cntl |         63 |         47 |       0 |   16 |   43 |      0 |      0 |          0 |
|               (I_RD_DATA_CNTL)                                                                    |                                    cnn_system_axi_dma_0_0_axi_datamover_rddata_cntl |         25 |         25 |       0 |    0 |   37 |      0 |      0 |          0 |
|               GEN_DATA_CNTL_FIFO.I_DATA_CNTL_FIFO                                                 |                           cnn_system_axi_dma_0_0_axi_datamover_fifo__parameterized2 |         38 |         22 |       0 |   16 |    6 |      0 |      0 |          0 |
|                 (GEN_DATA_CNTL_FIFO.I_DATA_CNTL_FIFO)                                             |                           cnn_system_axi_dma_0_0_axi_datamover_fifo__parameterized2 |          1 |          1 |       0 |    0 |    2 |      0 |      0 |          0 |
|                 USE_SRL_FIFO.I_SYNC_FIFO                                                          |                                   cnn_system_axi_dma_0_0_srl_fifo_f__parameterized0 |         37 |         21 |       0 |   16 |    4 |      0 |      0 |          0 |
|             I_RD_STATUS_CNTLR                                                                     |                                 cnn_system_axi_dma_0_0_axi_datamover_rd_status_cntl |          1 |          1 |       0 |    0 |    5 |      0 |      0 |          0 |
|             I_RESET                                                                               |                                       cnn_system_axi_dma_0_0_axi_datamover_reset_13 |          2 |          2 |       0 |    0 |    3 |      0 |      0 |          0 |
|           GEN_S2MM_FULL.I_S2MM_FULL_WRAPPER                                                       |                                 cnn_system_axi_dma_0_0_axi_datamover_s2mm_full_wrap |        741 |        642 |       8 |   91 |  886 |      1 |      0 |          0 |
|             ENABLE_AXIS_SKID.I_S2MM_STRM_SKID_BUF                                                 |                                       cnn_system_axi_dma_0_0_axi_datamover_skid_buf |         16 |         16 |       0 |    0 |   26 |      0 |      0 |          0 |
|             GEN_ENABLE_INDET_BTT_SF.I_INDET_BTT                                                   |                                      cnn_system_axi_dma_0_0_axi_datamover_indet_btt |        170 |        162 |       8 |    0 |  241 |      1 |      0 |          0 |
|               (GEN_ENABLE_INDET_BTT_SF.I_INDET_BTT)                                               |                                      cnn_system_axi_dma_0_0_axi_datamover_indet_btt |         14 |         14 |       0 |    0 |   62 |      0 |      0 |          0 |
|               ENABLE_AXIS_SKID.I_INDET_BTT_SKID_BUF                                               |                       cnn_system_axi_dma_0_0_axi_datamover_skid_buf__parameterized0 |         44 |         44 |       0 |    0 |   86 |      0 |      0 |          0 |
|               I_DATA_FIFO                                                                         |                   cnn_system_axi_dma_0_0_axi_datamover_sfifo_autord__parameterized1 |         51 |         51 |       0 |    0 |   39 |      1 |      0 |          0 |
|                 BLK_MEM.I_SYNC_FIFOGEN_FIFO                                                       |                                 cnn_system_axi_dma_0_0_sync_fifo_fg__parameterized1 |         51 |         51 |       0 |    0 |   39 |      1 |      0 |          0 |
|               I_XD_FIFO                                                                           |                   cnn_system_axi_dma_0_0_axi_datamover_sfifo_autord__parameterized0 |         61 |         53 |       8 |    0 |   54 |      0 |      0 |          0 |
|                 NON_BLK_MEM.I_SYNC_FIFOGEN_FIFO                                                   |                                 cnn_system_axi_dma_0_0_sync_fifo_fg__parameterized0 |         61 |         53 |       8 |    0 |   54 |      0 |      0 |          0 |
|             GEN_INCLUDE_IBTTCC.I_S2MM_MSTR_IBTTCC                                                 |                                         cnn_system_axi_dma_0_0_axi_datamover_ibttcc |        158 |        158 |       0 |    0 |  218 |      0 |      0 |          0 |
|             GEN_INCLUDE_REALIGNER.I_S2MM_REALIGNER                                                |                                   cnn_system_axi_dma_0_0_axi_datamover_s2mm_realign |        163 |        141 |       0 |   22 |   96 |      0 |      0 |          0 |
|               (GEN_INCLUDE_REALIGNER.I_S2MM_REALIGNER)                                            |                                   cnn_system_axi_dma_0_0_axi_datamover_s2mm_realign |          0 |          0 |       0 |    0 |    9 |      0 |      0 |          0 |
|               GEN_INCLUDE_SCATTER.I_S2MM_SCATTER                                                  |                                   cnn_system_axi_dma_0_0_axi_datamover_s2mm_scatter |        131 |        128 |       0 |    3 |   81 |      0 |      0 |          0 |
|                 (GEN_INCLUDE_SCATTER.I_S2MM_SCATTER)                                              |                                   cnn_system_axi_dma_0_0_axi_datamover_s2mm_scatter |         38 |         38 |       0 |    0 |   39 |      0 |      0 |          0 |
|                 I_MSSAI_SKID_BUF                                                                  |                                 cnn_system_axi_dma_0_0_axi_datamover_mssai_skid_buf |         56 |         56 |       0 |    0 |   27 |      0 |      0 |          0 |
|                 I_TSTRB_FIFO                                                                      |                           cnn_system_axi_dma_0_0_axi_datamover_fifo__parameterized8 |         28 |         25 |       0 |    3 |   10 |      0 |      0 |          0 |
|                 SLICE_INSERTION                                                                   |                                          cnn_system_axi_dma_0_0_axi_datamover_slice |          9 |          9 |       0 |    0 |    5 |      0 |      0 |          0 |
|               I_DRE_CNTL_FIFO                                                                     |                           cnn_system_axi_dma_0_0_axi_datamover_fifo__parameterized7 |         32 |         13 |       0 |   19 |    6 |      0 |      0 |          0 |
|                 (I_DRE_CNTL_FIFO)                                                                 |                           cnn_system_axi_dma_0_0_axi_datamover_fifo__parameterized7 |          1 |          1 |       0 |    0 |    2 |      0 |      0 |          0 |
|                 USE_SRL_FIFO.I_SYNC_FIFO                                                          |                                   cnn_system_axi_dma_0_0_srl_fifo_f__parameterized4 |         31 |         12 |       0 |   19 |    4 |      0 |      0 |          0 |
|             I_ADDR_CNTL                                                                           |                      cnn_system_axi_dma_0_0_axi_datamover_addr_cntl__parameterized0 |         50 |         10 |       0 |   40 |   51 |      0 |      0 |          0 |
|               (I_ADDR_CNTL)                                                                       |                      cnn_system_axi_dma_0_0_axi_datamover_addr_cntl__parameterized0 |          1 |          1 |       0 |    0 |   45 |      0 |      0 |          0 |
|               GEN_ADDR_FIFO.I_ADDR_QUAL_FIFO                                                      |                           cnn_system_axi_dma_0_0_axi_datamover_fifo__parameterized1 |         49 |          9 |       0 |   40 |    6 |      0 |      0 |          0 |
|                 (GEN_ADDR_FIFO.I_ADDR_QUAL_FIFO)                                                  |                           cnn_system_axi_dma_0_0_axi_datamover_fifo__parameterized1 |          1 |          1 |       0 |    0 |    2 |      0 |      0 |          0 |
|                 USE_SRL_FIFO.I_SYNC_FIFO                                                          |                                                   cnn_system_axi_dma_0_0_srl_fifo_f |         48 |          8 |       0 |   40 |    4 |      0 |      0 |          0 |
|             I_CMD_STATUS                                                                          |                     cnn_system_axi_dma_0_0_axi_datamover_cmd_status__parameterized0 |         20 |         20 |       0 |    0 |   75 |      0 |      0 |          0 |
|               GEN_INCLUDE_STATUS_FIFO.I_STS_FIFO                                                  |                           cnn_system_axi_dma_0_0_axi_datamover_fifo__parameterized4 |         11 |         11 |       0 |    0 |   22 |      0 |      0 |          0 |
|               I_CMD_FIFO                                                                          |                                           cnn_system_axi_dma_0_0_axi_datamover_fifo |          9 |          9 |       0 |    0 |   53 |      0 |      0 |          0 |
|             I_RESET                                                                               |                                          cnn_system_axi_dma_0_0_axi_datamover_reset |          3 |          3 |       0 |    0 |    3 |      0 |      0 |          0 |
|             I_S2MM_MMAP_SKID_BUF                                                                  |                                    cnn_system_axi_dma_0_0_axi_datamover_skid2mm_buf |         39 |         39 |       0 |    0 |   78 |      0 |      0 |          0 |
|             I_WR_DATA_CNTL                                                                        |                                    cnn_system_axi_dma_0_0_axi_datamover_wrdata_cntl |         73 |         63 |       0 |   10 |   50 |      0 |      0 |          0 |
|               (I_WR_DATA_CNTL)                                                                    |                                    cnn_system_axi_dma_0_0_axi_datamover_wrdata_cntl |         40 |         40 |       0 |    0 |   44 |      0 |      0 |          0 |
|               GEN_DATA_CNTL_FIFO.I_DATA_CNTL_FIFO                                                 |                           cnn_system_axi_dma_0_0_axi_datamover_fifo__parameterized9 |         33 |         23 |       0 |   10 |    6 |      0 |      0 |          0 |
|                 (GEN_DATA_CNTL_FIFO.I_DATA_CNTL_FIFO)                                             |                           cnn_system_axi_dma_0_0_axi_datamover_fifo__parameterized9 |          1 |          1 |       0 |    0 |    2 |      0 |      0 |          0 |
|                 USE_SRL_FIFO.I_SYNC_FIFO                                                          |                                   cnn_system_axi_dma_0_0_srl_fifo_f__parameterized6 |         32 |         22 |       0 |   10 |    4 |      0 |      0 |          0 |
|             I_WR_STATUS_CNTLR                                                                     |                                 cnn_system_axi_dma_0_0_axi_datamover_wr_status_cntl |         56 |         37 |       0 |   19 |   48 |      0 |      0 |          0 |
|               (I_WR_STATUS_CNTLR)                                                                 |                                 cnn_system_axi_dma_0_0_axi_datamover_wr_status_cntl |          8 |          8 |       0 |    0 |   34 |      0 |      0 |          0 |
|               GEN_ENABLE_INDET_BTT.I_SF_DATA_CNTL_STATUS_FIFO                                     |                           cnn_system_axi_dma_0_0_axi_datamover_fifo__parameterized6 |         31 |         14 |       0 |   17 |    7 |      0 |      0 |          0 |
|                 (GEN_ENABLE_INDET_BTT.I_SF_DATA_CNTL_STATUS_FIFO)                                 |                           cnn_system_axi_dma_0_0_axi_datamover_fifo__parameterized6 |          1 |          1 |       0 |    0 |    2 |      0 |      0 |          0 |
|                 USE_SRL_FIFO.I_SYNC_FIFO                                                          |                                   cnn_system_axi_dma_0_0_srl_fifo_f__parameterized3 |         30 |         13 |       0 |   17 |    5 |      0 |      0 |          0 |
|               I_WRESP_STATUS_FIFO                                                                 |                           cnn_system_axi_dma_0_0_axi_datamover_fifo__parameterized5 |         17 |         15 |       0 |    2 |    7 |      0 |      0 |          0 |
|                 (I_WRESP_STATUS_FIFO)                                                             |                           cnn_system_axi_dma_0_0_axi_datamover_fifo__parameterized5 |          1 |          1 |       0 |    0 |    2 |      0 |      0 |          0 |
|                 USE_SRL_FIFO.I_SYNC_FIFO                                                          |                                   cnn_system_axi_dma_0_0_srl_fifo_f__parameterized2 |         16 |         14 |       0 |    2 |    5 |      0 |      0 |          0 |
|         I_RST_MODULE                                                                              |                                           cnn_system_axi_dma_0_0_axi_dma_rst_module |         24 |         24 |       0 |    0 |   42 |      0 |      0 |          0 |
|           (I_RST_MODULE)                                                                          |                                           cnn_system_axi_dma_0_0_axi_dma_rst_module |          3 |          3 |       0 |    0 |    2 |      0 |      0 |          0 |
|           GEN_RESET_FOR_MM2S.RESET_I                                                              |                                                cnn_system_axi_dma_0_0_axi_dma_reset |         11 |         11 |       0 |    0 |   17 |      0 |      0 |          0 |
|           GEN_RESET_FOR_S2MM.RESET_I                                                              |                                              cnn_system_axi_dma_0_0_axi_dma_reset_1 |         10 |         10 |       0 |    0 |   15 |      0 |      0 |          0 |
|           REG_HRD_RST                                                                             |                                                     cnn_system_axi_dma_0_0_cdc_sync |          0 |          0 |       0 |    0 |    4 |      0 |      0 |          0 |
|           REG_HRD_RST_OUT                                                                         |                                                   cnn_system_axi_dma_0_0_cdc_sync_2 |          0 |          0 |       0 |    0 |    4 |      0 |      0 |          0 |
|     axi_intc_0                                                                                    |                                                             cnn_system_axi_intc_0_0 |         77 |         77 |       0 |    0 |   73 |      0 |      0 |          0 |
|       (axi_intc_0)                                                                                |                                                             cnn_system_axi_intc_0_0 |          0 |          0 |       0 |    0 |    0 |      0 |      0 |          0 |
|       U0                                                                                          |                                                    cnn_system_axi_intc_0_0_axi_intc |         77 |         77 |       0 |    0 |   73 |      0 |      0 |          0 |
|         (U0)                                                                                      |                                                    cnn_system_axi_intc_0_0_axi_intc |          0 |          0 |       0 |    0 |    4 |      0 |      0 |          0 |
|         AXI_LITE_IPIF_I                                                                           |                                               cnn_system_axi_intc_0_0_axi_lite_ipif |         65 |         65 |       0 |    0 |   49 |      0 |      0 |          0 |
|           I_SLAVE_ATTACHMENT                                                                      |                                            cnn_system_axi_intc_0_0_slave_attachment |         65 |         65 |       0 |    0 |   49 |      0 |      0 |          0 |
|             (I_SLAVE_ATTACHMENT)                                                                  |                                            cnn_system_axi_intc_0_0_slave_attachment |         29 |         29 |       0 |    0 |   29 |      0 |      0 |          0 |
|             I_DECODER                                                                             |                                             cnn_system_axi_intc_0_0_address_decoder |         36 |         36 |       0 |    0 |   20 |      0 |      0 |          0 |
|         INTC_CORE_I                                                                               |                                                   cnn_system_axi_intc_0_0_intc_core |         12 |         12 |       0 |    0 |   20 |      0 |      0 |          0 |
|     axi_smc                                                                                       |                                                                cnn_system_axi_smc_0 |        503 |        386 |     108 |    9 |  401 |      0 |      0 |          0 |
|       (axi_smc)                                                                                   |                                                                cnn_system_axi_smc_0 |          0 |          0 |       0 |    0 |    0 |      0 |      0 |          0 |
|       inst                                                                                        |                                                        cnn_system_axi_smc_0_bd_29af |        503 |        386 |     108 |    9 |  401 |      0 |      0 |          0 |
|         (inst)                                                                                    |                                                        cnn_system_axi_smc_0_bd_29af |          0 |          0 |       0 |    0 |    0 |      0 |      0 |          0 |
|         clk_map                                                                                   |                                            cnn_system_axi_smc_0_clk_map_imp_103N3R8 |         13 |         12 |       0 |    1 |   22 |      0 |      0 |          0 |
|           psr_aclk                                                                                |                                             cnn_system_axi_smc_0_bd_29af_psr_aclk_0 |         13 |         12 |       0 |    1 |   22 |      0 |      0 |          0 |
|             U0                                                                                    |                                                 cnn_system_axi_smc_0_proc_sys_reset |         13 |         12 |       0 |    1 |   22 |      0 |      0 |          0 |
|               (U0)                                                                                |                                                 cnn_system_axi_smc_0_proc_sys_reset |          0 |          0 |       0 |    0 |    1 |      0 |      0 |          0 |
|               EXT_LPF                                                                             |                                                            cnn_system_axi_smc_0_lpf |          3 |          2 |       0 |    1 |    6 |      0 |      0 |          0 |
|                 (EXT_LPF)                                                                         |                                                            cnn_system_axi_smc_0_lpf |          2 |          1 |       0 |    1 |    2 |      0 |      0 |          0 |
|                 ACTIVE_LOW_AUX.ACT_LO_AUX                                                         |                                                       cnn_system_axi_smc_0_cdc_sync |          1 |          1 |       0 |    0 |    4 |      0 |      0 |          0 |
|               SEQ                                                                                 |                                                   cnn_system_axi_smc_0_sequence_psr |         10 |         10 |       0 |    0 |   15 |      0 |      0 |          0 |
|                 (SEQ)                                                                             |                                                   cnn_system_axi_smc_0_sequence_psr |          5 |          5 |       0 |    0 |    9 |      0 |      0 |          0 |
|                 SEQ_COUNTER                                                                       |                                                        cnn_system_axi_smc_0_upcnt_n |          5 |          5 |       0 |    0 |    6 |      0 |      0 |          0 |
|         m00_exit_pipeline                                                                         |                                   cnn_system_axi_smc_0_m00_exit_pipeline_imp_Y1MBRZ |        225 |        217 |       0 |    8 |  158 |      0 |      0 |          0 |
|           m00_exit                                                                                |                                                 cnn_system_axi_smc_0_bd_29af_m00e_0 |        225 |        217 |       0 |    8 |  158 |      0 |      0 |          0 |
|             (m00_exit)                                                                            |                                                 cnn_system_axi_smc_0_bd_29af_m00e_0 |          0 |          0 |       0 |    0 |    0 |      0 |      0 |          0 |
|             inst                                                                                  |                                            cnn_system_axi_smc_0_sc_exit_v1_0_11_top |        225 |        217 |       0 |    8 |  158 |      0 |      0 |          0 |
|               (inst)                                                                              |                                            cnn_system_axi_smc_0_sc_exit_v1_0_11_top |          2 |          2 |       0 |    0 |    2 |      0 |      0 |          0 |
|               exit_inst                                                                           |                                           cnn_system_axi_smc_0_sc_exit_v1_0_11_exit |         24 |         17 |       0 |    7 |   16 |      0 |      0 |          0 |
|                 (exit_inst)                                                                       |                                           cnn_system_axi_smc_0_sc_exit_v1_0_11_exit |          1 |          1 |       0 |    0 |    1 |      0 |      0 |          0 |
|                 gen_r_cmd_fifo.r_cmd_fifo                                                         |               cnn_system_axi_smc_0_sc_util_v1_0_4_axic_reg_srl_fifo__parameterized2 |         23 |         16 |       0 |    7 |   15 |      0 |      0 |          0 |
|               splitter_inst                                                                       |                                       cnn_system_axi_smc_0_sc_exit_v1_0_11_splitter |        198 |        197 |       0 |    1 |  137 |      0 |      0 |          0 |
|                 (splitter_inst)                                                                   |                                       cnn_system_axi_smc_0_sc_exit_v1_0_11_splitter |          3 |          3 |       0 |    0 |    1 |      0 |      0 |          0 |
|                 gen_axi3.splitter_inst                                                            |                                      cnn_system_axi_smc_0_sc_exit_v1_0_11_axi3_conv |        195 |        194 |       0 |    1 |  136 |      0 |      0 |          0 |
|               xpm_cdc_async_rst_inst                                                              |                                           cnn_system_axi_smc_0_xpm_cdc_async_rst__1 |          1 |          1 |       0 |    0 |    3 |      0 |      0 |          0 |
|         m00_sc2axi                                                                                |                                               cnn_system_axi_smc_0_bd_29af_m00s2a_0 |          0 |          0 |       0 |    0 |    0 |      0 |      0 |          0 |
|           (m00_sc2axi)                                                                            |                                               cnn_system_axi_smc_0_bd_29af_m00s2a_0 |          0 |          0 |       0 |    0 |    0 |      0 |      0 |          0 |
|           inst                                                                                    |                                           cnn_system_axi_smc_0_sc_sc2axi_v1_0_7_top |          0 |          0 |       0 |    0 |    0 |      0 |      0 |          0 |
|         s00_axi2sc                                                                                |                                               cnn_system_axi_smc_0_bd_29af_s00a2s_0 |          0 |          0 |       0 |    0 |    0 |      0 |      0 |          0 |
|           (s00_axi2sc)                                                                            |                                               cnn_system_axi_smc_0_bd_29af_s00a2s_0 |          0 |          0 |       0 |    0 |    0 |      0 |      0 |          0 |
|           inst                                                                                    |                                           cnn_system_axi_smc_0_sc_axi2sc_v1_0_7_top |          0 |          0 |       0 |    0 |    0 |      0 |      0 |          0 |
|         s00_entry_pipeline                                                                        |                                 cnn_system_axi_smc_0_s00_entry_pipeline_imp_1X98658 |         30 |         30 |       0 |    0 |   17 |      0 |      0 |          0 |
|           s00_mmu                                                                                 |                                               cnn_system_axi_smc_0_bd_29af_s00mmu_0 |         10 |         10 |       0 |    0 |   10 |      0 |      0 |          0 |
|             (s00_mmu)                                                                             |                                               cnn_system_axi_smc_0_bd_29af_s00mmu_0 |          0 |          0 |       0 |    0 |    0 |      0 |      0 |          0 |
|             inst                                                                                  |                                             cnn_system_axi_smc_0_sc_mmu_v1_0_10_top |         10 |         10 |       0 |    0 |   10 |      0 |      0 |          0 |
|               (inst)                                                                              |                                             cnn_system_axi_smc_0_sc_mmu_v1_0_10_top |          9 |          9 |       0 |    0 |    7 |      0 |      0 |          0 |
|               xpm_cdc_async_rst_inst                                                              |                                           cnn_system_axi_smc_0_xpm_cdc_async_rst__2 |          1 |          1 |       0 |    0 |    3 |      0 |      0 |          0 |
|           s00_si_converter                                                                        |                                               cnn_system_axi_smc_0_bd_29af_s00sic_0 |         19 |         19 |       0 |    0 |    4 |      0 |      0 |          0 |
|             (s00_si_converter)                                                                    |                                               cnn_system_axi_smc_0_bd_29af_s00sic_0 |          0 |          0 |       0 |    0 |    0 |      0 |      0 |          0 |
|             inst                                                                                  |                                    cnn_system_axi_smc_0_sc_si_converter_v1_0_10_top |         19 |         19 |       0 |    0 |    4 |      0 |      0 |          0 |
|               (inst)                                                                              |                                    cnn_system_axi_smc_0_sc_si_converter_v1_0_10_top |         18 |         18 |       0 |    0 |    1 |      0 |      0 |          0 |
|               xpm_cdc_async_rst_inst                                                              |                                           cnn_system_axi_smc_0_xpm_cdc_async_rst__3 |          1 |          1 |       0 |    0 |    3 |      0 |      0 |          0 |
|           s00_transaction_regulator                                                               |                                                cnn_system_axi_smc_0_bd_29af_s00tr_0 |          1 |          1 |       0 |    0 |    3 |      0 |      0 |          0 |
|             (s00_transaction_regulator)                                                           |                                                cnn_system_axi_smc_0_bd_29af_s00tr_0 |          0 |          0 |       0 |    0 |    0 |      0 |      0 |          0 |
|             inst                                                                                  |                            cnn_system_axi_smc_0_sc_transaction_regulator_v1_0_9_top |          1 |          1 |       0 |    0 |    3 |      0 |      0 |          0 |
|               (inst)                                                                              |                            cnn_system_axi_smc_0_sc_transaction_regulator_v1_0_9_top |          0 |          0 |       0 |    0 |    0 |      0 |      0 |          0 |
|               xpm_cdc_async_rst_inst                                                              |                                           cnn_system_axi_smc_0_xpm_cdc_async_rst__4 |          1 |          1 |       0 |    0 |    3 |      0 |      0 |          0 |
|         s00_nodes                                                                                 |                                          cnn_system_axi_smc_0_s00_nodes_imp_1TIQL1I |        235 |        127 |     108 |    0 |  204 |      0 |      0 |          0 |
|           s00_ar_node                                                                             |                                                 cnn_system_axi_smc_0_bd_29af_sarn_0 |        102 |         46 |      56 |    0 |  100 |      0 |      0 |          0 |
|             (s00_ar_node)                                                                         |                                                 cnn_system_axi_smc_0_bd_29af_sarn_0 |          0 |          0 |       0 |    0 |    0 |      0 |      0 |          0 |
|             inst                                                                                  |                                            cnn_system_axi_smc_0_sc_node_v1_0_12_top |        102 |         46 |      56 |    0 |  100 |      0 |      0 |          0 |
|               (inst)                                                                              |                                            cnn_system_axi_smc_0_sc_node_v1_0_12_top |          3 |          3 |       0 |    0 |    1 |      0 |      0 |          0 |
|               inst_mi_handler                                                                     |                                     cnn_system_axi_smc_0_sc_node_v1_0_12_mi_handler |         96 |         40 |      56 |    0 |   92 |      0 |      0 |          0 |
|                 (inst_mi_handler)                                                                 |                                     cnn_system_axi_smc_0_sc_node_v1_0_12_mi_handler |          0 |          0 |       0 |    0 |    2 |      0 |      0 |          0 |
|                 gen_normal_area.inst_fifo_node_payld                                              |                                           cnn_system_axi_smc_0_sc_node_v1_0_12_fifo |         96 |         40 |      56 |    0 |   90 |      0 |      0 |          0 |
|               inst_si_handler                                                                     |                                     cnn_system_axi_smc_0_sc_node_v1_0_12_si_handler |          1 |          1 |       0 |    0 |    1 |      0 |      0 |          0 |
|               m_sc_xpm_cdc_async_rst_inst                                                         |                                           cnn_system_axi_smc_0_xpm_cdc_async_rst__6 |          1 |          1 |       0 |    0 |    3 |      0 |      0 |          0 |
|               s_sc_xpm_cdc_async_rst_inst                                                         |                                           cnn_system_axi_smc_0_xpm_cdc_async_rst__5 |          1 |          1 |       0 |    0 |    3 |      0 |      0 |          0 |
|           s00_r_node                                                                              |                                                  cnn_system_axi_smc_0_bd_29af_srn_0 |        133 |         81 |      52 |    0 |  104 |      0 |      0 |          0 |
|             (s00_r_node)                                                                          |                                                  cnn_system_axi_smc_0_bd_29af_srn_0 |          0 |          0 |       0 |    0 |    0 |      0 |      0 |          0 |
|             inst                                                                                  |                            cnn_system_axi_smc_0_sc_node_v1_0_12_top__parameterized0 |        133 |         81 |      52 |    0 |  104 |      0 |      0 |          0 |
|               (inst)                                                                              |                            cnn_system_axi_smc_0_sc_node_v1_0_12_top__parameterized0 |          3 |          3 |       0 |    0 |    1 |      0 |      0 |          0 |
|               inst_mi_handler                                                                     |                     cnn_system_axi_smc_0_sc_node_v1_0_12_mi_handler__parameterized0 |        127 |         75 |      52 |    0 |   96 |      0 |      0 |          0 |
|                 (inst_mi_handler)                                                                 |                     cnn_system_axi_smc_0_sc_node_v1_0_12_mi_handler__parameterized0 |          0 |          0 |       0 |    0 |    2 |      0 |      0 |          0 |
|                 gen_normal_area.gen_downsizer.inst_downsizer                                      |                                      cnn_system_axi_smc_0_sc_node_v1_0_12_downsizer |          0 |          0 |       0 |    0 |    3 |      0 |      0 |          0 |
|                 gen_normal_area.inst_fifo_node_payld                                              |                           cnn_system_axi_smc_0_sc_node_v1_0_12_fifo__parameterized0 |        127 |         75 |      52 |    0 |   91 |      0 |      0 |          0 |
|               inst_si_handler                                                                     |                     cnn_system_axi_smc_0_sc_node_v1_0_12_si_handler__parameterized0 |          1 |          1 |       0 |    0 |    1 |      0 |      0 |          0 |
|               m_sc_xpm_cdc_async_rst_inst                                                         |                                              cnn_system_axi_smc_0_xpm_cdc_async_rst |          1 |          1 |       0 |    0 |    3 |      0 |      0 |          0 |
|               s_sc_xpm_cdc_async_rst_inst                                                         |                                           cnn_system_axi_smc_0_xpm_cdc_async_rst__7 |          1 |          1 |       0 |    0 |    3 |      0 |      0 |          0 |
|     axi_smc_1                                                                                     |                                                              cnn_system_axi_smc_1_0 |        598 |        476 |     108 |   14 |  554 |      0 |      0 |          0 |
|       (axi_smc_1)                                                                                 |                                                              cnn_system_axi_smc_1_0 |          0 |          0 |       0 |    0 |    0 |      0 |      0 |          0 |
|       inst                                                                                        |                                                      cnn_system_axi_smc_1_0_bd_0ad4 |        598 |        476 |     108 |   14 |  554 |      0 |      0 |          0 |
|         (inst)                                                                                    |                                                      cnn_system_axi_smc_1_0_bd_0ad4 |          0 |          0 |       0 |    0 |    0 |      0 |      0 |          0 |
|         clk_map                                                                                   |                                          cnn_system_axi_smc_1_0_clk_map_imp_1DKJU1M |         13 |         12 |       0 |    1 |   22 |      0 |      0 |          0 |
|           psr_aclk                                                                                |                                           cnn_system_axi_smc_1_0_bd_0ad4_psr_aclk_0 |         13 |         12 |       0 |    1 |   22 |      0 |      0 |          0 |
|             U0                                                                                    |                                               cnn_system_axi_smc_1_0_proc_sys_reset |         13 |         12 |       0 |    1 |   22 |      0 |      0 |          0 |
|               (U0)                                                                                |                                               cnn_system_axi_smc_1_0_proc_sys_reset |          0 |          0 |       0 |    0 |    1 |      0 |      0 |          0 |
|               EXT_LPF                                                                             |                                                          cnn_system_axi_smc_1_0_lpf |          3 |          2 |       0 |    1 |    6 |      0 |      0 |          0 |
|                 (EXT_LPF)                                                                         |                                                          cnn_system_axi_smc_1_0_lpf |          2 |          1 |       0 |    1 |    2 |      0 |      0 |          0 |
|                 ACTIVE_LOW_AUX.ACT_LO_AUX                                                         |                                                     cnn_system_axi_smc_1_0_cdc_sync |          1 |          1 |       0 |    0 |    4 |      0 |      0 |          0 |
|               SEQ                                                                                 |                                                 cnn_system_axi_smc_1_0_sequence_psr |         10 |         10 |       0 |    0 |   15 |      0 |      0 |          0 |
|                 (SEQ)                                                                             |                                                 cnn_system_axi_smc_1_0_sequence_psr |          5 |          5 |       0 |    0 |    9 |      0 |      0 |          0 |
|                 SEQ_COUNTER                                                                       |                                                      cnn_system_axi_smc_1_0_upcnt_n |          5 |          5 |       0 |    0 |    6 |      0 |      0 |          0 |
|         m00_exit_pipeline                                                                         |                                 cnn_system_axi_smc_1_0_m00_exit_pipeline_imp_KJG4CH |        243 |        235 |       0 |    8 |  173 |      0 |      0 |          0 |
|           m00_exit                                                                                |                                               cnn_system_axi_smc_1_0_bd_0ad4_m00e_0 |        243 |        235 |       0 |    8 |  173 |      0 |      0 |          0 |
|             (m00_exit)                                                                            |                                               cnn_system_axi_smc_1_0_bd_0ad4_m00e_0 |          0 |          0 |       0 |    0 |    0 |      0 |      0 |          0 |
|             inst                                                                                  |                                          cnn_system_axi_smc_1_0_sc_exit_v1_0_11_top |        243 |        235 |       0 |    8 |  173 |      0 |      0 |          0 |
|               (inst)                                                                              |                                          cnn_system_axi_smc_1_0_sc_exit_v1_0_11_top |          2 |          2 |       0 |    0 |    2 |      0 |      0 |          0 |
|               exit_inst                                                                           |                                         cnn_system_axi_smc_1_0_sc_exit_v1_0_11_exit |         17 |         15 |       0 |    2 |   10 |      0 |      0 |          0 |
|                 gen_w_cmd_fifo.w_cmd_fifo                                                         |             cnn_system_axi_smc_1_0_sc_util_v1_0_4_axic_reg_srl_fifo__parameterized3 |         17 |         15 |       0 |    2 |   10 |      0 |      0 |          0 |
|               splitter_inst                                                                       |                                     cnn_system_axi_smc_1_0_sc_exit_v1_0_11_splitter |        223 |        217 |       0 |    6 |  158 |      0 |      0 |          0 |
|                 (splitter_inst)                                                                   |                                     cnn_system_axi_smc_1_0_sc_exit_v1_0_11_splitter |          5 |          5 |       0 |    0 |    0 |      0 |      0 |          0 |
|                 gen_axi3.splitter_inst                                                            |                                    cnn_system_axi_smc_1_0_sc_exit_v1_0_11_axi3_conv |        218 |        212 |       0 |    6 |  158 |      0 |      0 |          0 |
|               xpm_cdc_async_rst_inst                                                              |                                         cnn_system_axi_smc_1_0_xpm_cdc_async_rst__1 |          1 |          1 |       0 |    0 |    3 |      0 |      0 |          0 |
|         m00_sc2axi                                                                                |                                             cnn_system_axi_smc_1_0_bd_0ad4_m00s2a_0 |          0 |          0 |       0 |    0 |    0 |      0 |      0 |          0 |
|           (m00_sc2axi)                                                                            |                                             cnn_system_axi_smc_1_0_bd_0ad4_m00s2a_0 |          0 |          0 |       0 |    0 |    0 |      0 |      0 |          0 |
|           inst                                                                                    |                                         cnn_system_axi_smc_1_0_sc_sc2axi_v1_0_7_top |          0 |          0 |       0 |    0 |    0 |      0 |      0 |          0 |
|         s00_axi2sc                                                                                |                                             cnn_system_axi_smc_1_0_bd_0ad4_s00a2s_0 |          0 |          0 |       0 |    0 |    0 |      0 |      0 |          0 |
|           (s00_axi2sc)                                                                            |                                             cnn_system_axi_smc_1_0_bd_0ad4_s00a2s_0 |          0 |          0 |       0 |    0 |    0 |      0 |      0 |          0 |
|           inst                                                                                    |                                         cnn_system_axi_smc_1_0_sc_axi2sc_v1_0_7_top |          0 |          0 |       0 |    0 |    0 |      0 |      0 |          0 |
|         s00_entry_pipeline                                                                        |                               cnn_system_axi_smc_1_0_s00_entry_pipeline_imp_1JTK7PE |         82 |         77 |       0 |    5 |   40 |      0 |      0 |          0 |
|           s00_mmu                                                                                 |                                             cnn_system_axi_smc_1_0_bd_0ad4_s00mmu_0 |         29 |         29 |       0 |    0 |   19 |      0 |      0 |          0 |
|             (s00_mmu)                                                                             |                                             cnn_system_axi_smc_1_0_bd_0ad4_s00mmu_0 |          0 |          0 |       0 |    0 |    0 |      0 |      0 |          0 |
|             inst                                                                                  |                                           cnn_system_axi_smc_1_0_sc_mmu_v1_0_10_top |         29 |         29 |       0 |    0 |   19 |      0 |      0 |          0 |
|               (inst)                                                                              |                                           cnn_system_axi_smc_1_0_sc_mmu_v1_0_10_top |         28 |         28 |       0 |    0 |   16 |      0 |      0 |          0 |
|               xpm_cdc_async_rst_inst                                                              |                                         cnn_system_axi_smc_1_0_xpm_cdc_async_rst__2 |          1 |          1 |       0 |    0 |    3 |      0 |      0 |          0 |
|           s00_si_converter                                                                        |                                             cnn_system_axi_smc_1_0_bd_0ad4_s00sic_0 |         52 |         47 |       0 |    5 |   18 |      0 |      0 |          0 |
|             (s00_si_converter)                                                                    |                                             cnn_system_axi_smc_1_0_bd_0ad4_s00sic_0 |          0 |          0 |       0 |    0 |    0 |      0 |      0 |          0 |
|             inst                                                                                  |                                  cnn_system_axi_smc_1_0_sc_si_converter_v1_0_10_top |         52 |         47 |       0 |    5 |   18 |      0 |      0 |          0 |
|               (inst)                                                                              |                                  cnn_system_axi_smc_1_0_sc_si_converter_v1_0_10_top |         10 |         10 |       0 |    0 |    1 |      0 |      0 |          0 |
|               gen_normal.splitter_inst                                                            |                             cnn_system_axi_smc_1_0_sc_si_converter_v1_0_10_splitter |         41 |         36 |       0 |    5 |   14 |      0 |      0 |          0 |
|                 (gen_normal.splitter_inst)                                                        |                             cnn_system_axi_smc_1_0_sc_si_converter_v1_0_10_splitter |          0 |          0 |       0 |    0 |    1 |      0 |      0 |          0 |
|                 gen_no_wsplitter.gen_endpoint_woffset.gen_wbypass_offset_fifo.wbypass_offset_fifo |             cnn_system_axi_smc_1_0_sc_util_v1_0_4_axic_reg_srl_fifo__parameterized4 |         41 |         36 |       0 |    5 |   13 |      0 |      0 |          0 |
|               xpm_cdc_async_rst_inst                                                              |                                         cnn_system_axi_smc_1_0_xpm_cdc_async_rst__3 |          1 |          1 |       0 |    0 |    3 |      0 |      0 |          0 |
|           s00_transaction_regulator                                                               |                                              cnn_system_axi_smc_1_0_bd_0ad4_s00tr_0 |          1 |          1 |       0 |    0 |    3 |      0 |      0 |          0 |
|             (s00_transaction_regulator)                                                           |                                              cnn_system_axi_smc_1_0_bd_0ad4_s00tr_0 |          0 |          0 |       0 |    0 |    0 |      0 |      0 |          0 |
|             inst                                                                                  |                          cnn_system_axi_smc_1_0_sc_transaction_regulator_v1_0_9_top |          1 |          1 |       0 |    0 |    3 |      0 |      0 |          0 |
|               (inst)                                                                              |                          cnn_system_axi_smc_1_0_sc_transaction_regulator_v1_0_9_top |          0 |          0 |       0 |    0 |    0 |      0 |      0 |          0 |
|               xpm_cdc_async_rst_inst                                                              |                                         cnn_system_axi_smc_1_0_xpm_cdc_async_rst__4 |          1 |          1 |       0 |    0 |    3 |      0 |      0 |          0 |
|         s00_nodes                                                                                 |                                        cnn_system_axi_smc_1_0_s00_nodes_imp_1P7FKEW |        260 |        152 |     108 |    0 |  319 |      0 |      0 |          0 |
|           s00_aw_node                                                                             |                                               cnn_system_axi_smc_1_0_bd_0ad4_sawn_0 |         98 |         46 |      52 |    0 |   96 |      0 |      0 |          0 |
|             (s00_aw_node)                                                                         |                                               cnn_system_axi_smc_1_0_bd_0ad4_sawn_0 |          0 |          0 |       0 |    0 |    0 |      0 |      0 |          0 |
|             inst                                                                                  |                                          cnn_system_axi_smc_1_0_sc_node_v1_0_12_top |         98 |         46 |      52 |    0 |   96 |      0 |      0 |          0 |
|               (inst)                                                                              |                                          cnn_system_axi_smc_1_0_sc_node_v1_0_12_top |          3 |          3 |       0 |    0 |    1 |      0 |      0 |          0 |
|               inst_mi_handler                                                                     |                                   cnn_system_axi_smc_1_0_sc_node_v1_0_12_mi_handler |         92 |         40 |      52 |    0 |   88 |      0 |      0 |          0 |
|                 (inst_mi_handler)                                                                 |                                   cnn_system_axi_smc_1_0_sc_node_v1_0_12_mi_handler |          0 |          0 |       0 |    0 |    2 |      0 |      0 |          0 |
|                 gen_normal_area.inst_fifo_node_payld                                              |                                         cnn_system_axi_smc_1_0_sc_node_v1_0_12_fifo |         92 |         40 |      52 |    0 |   86 |      0 |      0 |          0 |
|               inst_si_handler                                                                     |                                   cnn_system_axi_smc_1_0_sc_node_v1_0_12_si_handler |          1 |          1 |       0 |    0 |    1 |      0 |      0 |          0 |
|               m_sc_xpm_cdc_async_rst_inst                                                         |                                         cnn_system_axi_smc_1_0_xpm_cdc_async_rst__6 |          1 |          1 |       0 |    0 |    3 |      0 |      0 |          0 |
|               s_sc_xpm_cdc_async_rst_inst                                                         |                                         cnn_system_axi_smc_1_0_xpm_cdc_async_rst__5 |          1 |          1 |       0 |    0 |    3 |      0 |      0 |          0 |
|           s00_b_node                                                                              |                                                cnn_system_axi_smc_1_0_bd_0ad4_sbn_0 |         49 |         45 |       4 |    0 |   34 |      0 |      0 |          0 |
|             (s00_b_node)                                                                          |                                                cnn_system_axi_smc_1_0_bd_0ad4_sbn_0 |          0 |          0 |       0 |    0 |    0 |      0 |      0 |          0 |
|             inst                                                                                  |                          cnn_system_axi_smc_1_0_sc_node_v1_0_12_top__parameterized0 |         49 |         45 |       4 |    0 |   34 |      0 |      0 |          0 |
|               (inst)                                                                              |                          cnn_system_axi_smc_1_0_sc_node_v1_0_12_top__parameterized0 |          3 |          3 |       0 |    0 |    1 |      0 |      0 |          0 |
|               inst_mi_handler                                                                     |                   cnn_system_axi_smc_1_0_sc_node_v1_0_12_mi_handler__parameterized0 |         43 |         39 |       4 |    0 |   26 |      0 |      0 |          0 |
|                 (inst_mi_handler)                                                                 |                   cnn_system_axi_smc_1_0_sc_node_v1_0_12_mi_handler__parameterized0 |          0 |          0 |       0 |    0 |    2 |      0 |      0 |          0 |
|                 gen_normal_area.inst_fifo_node_payld                                              |                         cnn_system_axi_smc_1_0_sc_node_v1_0_12_fifo__parameterized0 |         43 |         39 |       4 |    0 |   24 |      0 |      0 |          0 |
|               inst_si_handler                                                                     |                   cnn_system_axi_smc_1_0_sc_node_v1_0_12_si_handler__parameterized0 |          1 |          1 |       0 |    0 |    1 |      0 |      0 |          0 |
|               m_sc_xpm_cdc_async_rst_inst                                                         |                                         cnn_system_axi_smc_1_0_xpm_cdc_async_rst__8 |          1 |          1 |       0 |    0 |    3 |      0 |      0 |          0 |
|               s_sc_xpm_cdc_async_rst_inst                                                         |                                         cnn_system_axi_smc_1_0_xpm_cdc_async_rst__7 |          1 |          1 |       0 |    0 |    3 |      0 |      0 |          0 |
|           s00_w_node                                                                              |                                                cnn_system_axi_smc_1_0_bd_0ad4_swn_0 |        113 |         61 |      52 |    0 |  189 |      0 |      0 |          0 |
|             (s00_w_node)                                                                          |                                                cnn_system_axi_smc_1_0_bd_0ad4_swn_0 |          0 |          0 |       0 |    0 |    0 |      0 |      0 |          0 |
|             inst                                                                                  |                          cnn_system_axi_smc_1_0_sc_node_v1_0_12_top__parameterized1 |        113 |         61 |      52 |    0 |  189 |      0 |      0 |          0 |
|               (inst)                                                                              |                          cnn_system_axi_smc_1_0_sc_node_v1_0_12_top__parameterized1 |          3 |          3 |       0 |    0 |    1 |      0 |      0 |          0 |
|               inst_mi_handler                                                                     |                   cnn_system_axi_smc_1_0_sc_node_v1_0_12_mi_handler__parameterized1 |        107 |         55 |      52 |    0 |  181 |      0 |      0 |          0 |
|                 (inst_mi_handler)                                                                 |                   cnn_system_axi_smc_1_0_sc_node_v1_0_12_mi_handler__parameterized1 |          0 |          0 |       0 |    0 |    2 |      0 |      0 |          0 |
|                 gen_normal_area.gen_fi_regulator.inst_fi_regulator                                |                                 cnn_system_axi_smc_1_0_sc_node_v1_0_12_fi_regulator |          1 |          1 |       0 |    0 |    2 |      0 |      0 |          0 |
|                 gen_normal_area.gen_upsizer.inst_upsizer                                          |                                      cnn_system_axi_smc_1_0_sc_node_v1_0_12_upsizer |         15 |         15 |       0 |    0 |   83 |      0 |      0 |          0 |
|                 gen_normal_area.inst_fifo_node_payld                                              |                         cnn_system_axi_smc_1_0_sc_node_v1_0_12_fifo__parameterized1 |         91 |         39 |      52 |    0 |   94 |      0 |      0 |          0 |
|               inst_si_handler                                                                     |                   cnn_system_axi_smc_1_0_sc_node_v1_0_12_si_handler__parameterized1 |          1 |          1 |       0 |    0 |    1 |      0 |      0 |          0 |
|               m_sc_xpm_cdc_async_rst_inst                                                         |                                            cnn_system_axi_smc_1_0_xpm_cdc_async_rst |          1 |          1 |       0 |    0 |    3 |      0 |      0 |          0 |
|               s_sc_xpm_cdc_async_rst_inst                                                         |                                         cnn_system_axi_smc_1_0_xpm_cdc_async_rst__9 |          1 |          1 |       0 |    0 |    3 |      0 |      0 |          0 |
|     axis_cnn_mnist_0                                                                              |                                                       cnn_system_axis_cnn_mnist_0_0 |       5267 |       4615 |     652 |    0 | 3480 |      0 |      0 |        152 |
|       (axis_cnn_mnist_0)                                                                          |                                                       cnn_system_axis_cnn_mnist_0_0 |         29 |         29 |       0 |    0 |    0 |      0 |      0 |          0 |
|       inst                                                                                        |                                        cnn_system_axis_cnn_mnist_0_0_axis_cnn_mnist |       5238 |       4586 |     652 |    0 | 3480 |      0 |      0 |        152 |
|         (inst)                                                                                    |                                        cnn_system_axis_cnn_mnist_0_0_axis_cnn_mnist |         14 |         14 |       0 |    0 |   25 |      0 |      0 |          0 |
|         u_conv1                                                                                   |                                           cnn_system_axis_cnn_mnist_0_0_conv1_layer |       1732 |       1528 |     204 |    0 | 1106 |      0 |      0 |          0 |
|           u_conv1_buf                                                                             |                                             cnn_system_axis_cnn_mnist_0_0_conv1_buf |       1091 |        887 |     204 |    0 |  103 |      0 |      0 |          0 |
|           u_conv1_calc                                                                            |                                            cnn_system_axis_cnn_mnist_0_0_conv1_calc |        648 |        648 |       0 |    0 | 1003 |      0 |      0 |          0 |
|         u_conv2                                                                                   |                                           cnn_system_axis_cnn_mnist_0_0_conv2_layer |       2194 |       1818 |     376 |    0 |  885 |      0 |      0 |        144 |
|           (u_conv2)                                                                               |                                           cnn_system_axis_cnn_mnist_0_0_conv2_layer |         31 |         31 |       0 |    0 |    0 |      0 |      0 |          0 |
|           u_buf                                                                                   |                                             cnn_system_axis_cnn_mnist_0_0_conv2_buf |        405 |         29 |     376 |    0 |  289 |      0 |      0 |          0 |
|           u_calc                                                                                  |                                            cnn_system_axis_cnn_mnist_0_0_conv2_calc |       1761 |       1761 |       0 |    0 |  596 |      0 |      0 |        144 |
|         u_fc                                                                                      |                                       cnn_system_axis_cnn_mnist_0_0_fully_connected |        708 |        636 |      72 |    0 |  161 |      0 |      0 |          8 |
|         u_pool1                                                                                   |                                          cnn_system_axis_cnn_mnist_0_0_maxpool_relu |        255 |        255 |       0 |    0 |  670 |      0 |      0 |          0 |
|         u_pool2                                                                                   |                          cnn_system_axis_cnn_mnist_0_0_maxpool_relu__parameterized0 |        348 |        348 |       0 |    0 |  633 |      0 |      0 |          0 |
|     axis_data_fifo_0                                                                              |                                                       cnn_system_axis_data_fifo_0_0 |         32 |         32 |       0 |    0 |   69 |      2 |      1 |          0 |
|       (axis_data_fifo_0)                                                                          |                                                       cnn_system_axis_data_fifo_0_0 |          0 |          0 |       0 |    0 |    0 |      0 |      0 |          0 |
|       inst                                                                                        |                             cnn_system_axis_data_fifo_0_0_axis_data_fifo_v2_0_4_top |         32 |         32 |       0 |    0 |   69 |      2 |      1 |          0 |
|         (inst)                                                                                    |                             cnn_system_axis_data_fifo_0_0_axis_data_fifo_v2_0_4_top |          0 |          0 |       0 |    0 |    0 |      0 |      0 |          0 |
|         gen_fifo.xpm_fifo_axis_inst                                                               |                                         cnn_system_axis_data_fifo_0_0_xpm_fifo_axis |         32 |         32 |       0 |    0 |   69 |      2 |      1 |          0 |
|           (gen_fifo.xpm_fifo_axis_inst)                                                           |                                         cnn_system_axis_data_fifo_0_0_xpm_fifo_axis |          2 |          2 |       0 |    0 |    0 |      0 |      0 |          0 |
|           gaxis_rst_sync.xpm_cdc_sync_rst_inst                                                    |                                      cnn_system_axis_data_fifo_0_0_xpm_cdc_sync_rst |          0 |          0 |       0 |    0 |    4 |      0 |      0 |          0 |
|           xpm_fifo_base_inst                                                                      |                                         cnn_system_axis_data_fifo_0_0_xpm_fifo_base |         30 |         30 |       0 |    0 |   65 |      2 |      1 |          0 |
|             (xpm_fifo_base_inst)                                                                  |                                         cnn_system_axis_data_fifo_0_0_xpm_fifo_base |          4 |          4 |       0 |    0 |    7 |      0 |      0 |          0 |
|             gen_sdpram.xpm_memory_base_inst                                                       |                                       cnn_system_axis_data_fifo_0_0_xpm_memory_base |          0 |          0 |       0 |    0 |    0 |      2 |      1 |          0 |
|             rdp_inst                                                                              |                      cnn_system_axis_data_fifo_0_0_xpm_counter_updn__parameterized0 |         12 |         12 |       0 |    0 |   13 |      0 |      0 |          0 |
|             rdpp1_inst                                                                            |                      cnn_system_axis_data_fifo_0_0_xpm_counter_updn__parameterized1 |          2 |          2 |       0 |    0 |   13 |      0 |      0 |          0 |
|             rst_d1_inst                                                                           |                                      cnn_system_axis_data_fifo_0_0_xpm_fifo_reg_bit |          3 |          3 |       0 |    0 |    1 |      0 |      0 |          0 |
|             wrp_inst                                                                              |                    cnn_system_axis_data_fifo_0_0_xpm_counter_updn__parameterized0_0 |          6 |          6 |       0 |    0 |   13 |      0 |      0 |          0 |
|             wrpp1_inst                                                                            |                    cnn_system_axis_data_fifo_0_0_xpm_counter_updn__parameterized1_1 |          1 |          1 |       0 |    0 |   13 |      0 |      0 |          0 |
|             xpm_fifo_rst_inst                                                                     |                                          cnn_system_axis_data_fifo_0_0_xpm_fifo_rst |          2 |          2 |       0 |    0 |    5 |      0 |      0 |          0 |
|     axis_data_fifo_1                                                                              |                                                       cnn_system_axis_data_fifo_1_0 |         61 |         41 |      20 |    0 |   69 |      0 |      0 |          0 |
|       (axis_data_fifo_1)                                                                          |                                                       cnn_system_axis_data_fifo_1_0 |          0 |          0 |       0 |    0 |    0 |      0 |      0 |          0 |
|       inst                                                                                        |                             cnn_system_axis_data_fifo_1_0_axis_data_fifo_v2_0_4_top |         61 |         41 |      20 |    0 |   69 |      0 |      0 |          0 |
|         (inst)                                                                                    |                             cnn_system_axis_data_fifo_1_0_axis_data_fifo_v2_0_4_top |          0 |          0 |       0 |    0 |    0 |      0 |      0 |          0 |
|         gen_fifo.xpm_fifo_axis_inst                                                               |                                         cnn_system_axis_data_fifo_1_0_xpm_fifo_axis |         61 |         41 |      20 |    0 |   69 |      0 |      0 |          0 |
|           (gen_fifo.xpm_fifo_axis_inst)                                                           |                                         cnn_system_axis_data_fifo_1_0_xpm_fifo_axis |          2 |          2 |       0 |    0 |    0 |      0 |      0 |          0 |
|           gaxis_rst_sync.xpm_cdc_sync_rst_inst                                                    |                                      cnn_system_axis_data_fifo_1_0_xpm_cdc_sync_rst |          0 |          0 |       0 |    0 |    4 |      0 |      0 |          0 |
|           xpm_fifo_base_inst                                                                      |                                         cnn_system_axis_data_fifo_1_0_xpm_fifo_base |         59 |         39 |      20 |    0 |   65 |      0 |      0 |          0 |
|             (xpm_fifo_base_inst)                                                                  |                                         cnn_system_axis_data_fifo_1_0_xpm_fifo_base |          3 |          3 |       0 |    0 |    7 |      0 |      0 |          0 |
|             gen_sdpram.xpm_memory_base_inst                                                       |                                       cnn_system_axis_data_fifo_1_0_xpm_memory_base |         20 |          0 |      20 |    0 |   28 |      0 |      0 |          0 |
|             rdp_inst                                                                              |                      cnn_system_axis_data_fifo_1_0_xpm_counter_updn__parameterized0 |         14 |         14 |       0 |    0 |    6 |      0 |      0 |          0 |
|             rdpp1_inst                                                                            |                      cnn_system_axis_data_fifo_1_0_xpm_counter_updn__parameterized1 |          6 |          6 |       0 |    0 |    6 |      0 |      0 |          0 |
|             rst_d1_inst                                                                           |                                      cnn_system_axis_data_fifo_1_0_xpm_fifo_reg_bit |          1 |          1 |       0 |    0 |    1 |      0 |      0 |          0 |
|             wrp_inst                                                                              |                    cnn_system_axis_data_fifo_1_0_xpm_counter_updn__parameterized0_0 |          8 |          8 |       0 |    0 |    6 |      0 |      0 |          0 |
|             wrpp1_inst                                                                            |                    cnn_system_axis_data_fifo_1_0_xpm_counter_updn__parameterized1_1 |          5 |          5 |       0 |    0 |    6 |      0 |      0 |          0 |
|             xpm_fifo_rst_inst                                                                     |                                          cnn_system_axis_data_fifo_1_0_xpm_fifo_rst |          2 |          2 |       0 |    0 |    5 |      0 |      0 |          0 |
|     processing_system7_0                                                                          |                                                   cnn_system_processing_system7_0_0 |         24 |         24 |       0 |    0 |    0 |      0 |      0 |          0 |
|       (processing_system7_0)                                                                      |                                                   cnn_system_processing_system7_0_0 |          0 |          0 |       0 |    0 |    0 |      0 |      0 |          0 |
|       inst                                                                                        |        cnn_system_processing_system7_0_0_processing_system7_v5_5_processing_system7 |         24 |         24 |       0 |    0 |    0 |      0 |      0 |          0 |
|     ps7_0_axi_periph                                                                              |                                                       cnn_system_ps7_0_axi_periph_0 |        543 |        478 |       0 |   65 |  692 |      0 |      0 |          0 |
|       (ps7_0_axi_periph)                                                                          |                                                       cnn_system_ps7_0_axi_periph_0 |          0 |          0 |       0 |    0 |    0 |      0 |      0 |          0 |
|       s00_couplers                                                                                |                                                            s00_couplers_imp_12EVL4N |        421 |        356 |       0 |   65 |  562 |      0 |      0 |          0 |
|         auto_pc                                                                                   |                                                                cnn_system_auto_pc_0 |        421 |        356 |       0 |   65 |  562 |      0 |      0 |          0 |
|           (auto_pc)                                                                               |                                                                cnn_system_auto_pc_0 |          0 |          0 |       0 |    0 |    0 |      0 |      0 |          0 |
|           inst                                                                                    |          cnn_system_auto_pc_0_axi_protocol_converter_v2_1_22_axi_protocol_converter |        421 |        356 |       0 |   65 |  562 |      0 |      0 |          0 |
|             (inst)                                                                                |          cnn_system_auto_pc_0_axi_protocol_converter_v2_1_22_axi_protocol_converter |          0 |          0 |       0 |    0 |    0 |      0 |      0 |          0 |
|             gen_axilite.gen_b2s_conv.axilite_b2s                                                  |                             cnn_system_auto_pc_0_axi_protocol_converter_v2_1_22_b2s |        421 |        356 |       0 |   65 |  562 |      0 |      0 |          0 |
|               (gen_axilite.gen_b2s_conv.axilite_b2s)                                              |                             cnn_system_auto_pc_0_axi_protocol_converter_v2_1_22_b2s |          1 |          1 |       0 |    0 |    1 |      0 |      0 |          0 |
|               RD.ar_channel_0                                                                     |                  cnn_system_auto_pc_0_axi_protocol_converter_v2_1_22_b2s_ar_channel |         68 |         68 |       0 |    0 |   82 |      0 |      0 |          0 |
|                 (RD.ar_channel_0)                                                                 |                  cnn_system_auto_pc_0_axi_protocol_converter_v2_1_22_b2s_ar_channel |          0 |          0 |       0 |    0 |   12 |      0 |      0 |          0 |
|                 ar_cmd_fsm_0                                                                      |                  cnn_system_auto_pc_0_axi_protocol_converter_v2_1_22_b2s_rd_cmd_fsm |         36 |         36 |       0 |    0 |    2 |      0 |      0 |          0 |
|                 cmd_translator_0                                                                  |            cnn_system_auto_pc_0_axi_protocol_converter_v2_1_22_b2s_cmd_translator_1 |         32 |         32 |       0 |    0 |   68 |      0 |      0 |          0 |
|               RD.r_channel_0                                                                      |                   cnn_system_auto_pc_0_axi_protocol_converter_v2_1_22_b2s_r_channel |         62 |         15 |       0 |   47 |   24 |      0 |      0 |          0 |
|                 (RD.r_channel_0)                                                                  |                   cnn_system_auto_pc_0_axi_protocol_converter_v2_1_22_b2s_r_channel |          0 |          0 |       0 |    0 |   14 |      0 |      0 |          0 |
|                 rd_data_fifo_0                                                                    | cnn_system_auto_pc_0_axi_protocol_converter_v2_1_22_b2s_simple_fifo__parameterized1 |         43 |          9 |       0 |   34 |    5 |      0 |      0 |          0 |
|                 transaction_fifo_0                                                                | cnn_system_auto_pc_0_axi_protocol_converter_v2_1_22_b2s_simple_fifo__parameterized2 |         19 |          6 |       0 |   13 |    5 |      0 |      0 |          0 |
|               SI_REG                                                                              |                  cnn_system_auto_pc_0_axi_register_slice_v2_1_22_axi_register_slice |        177 |        177 |       0 |    0 |  352 |      0 |      0 |          0 |
|                 ar.ar_pipe                                                                        |                 cnn_system_auto_pc_0_axi_register_slice_v2_1_22_axic_register_slice |         68 |         68 |       0 |    0 |  113 |      0 |      0 |          0 |
|                 aw.aw_pipe                                                                        |               cnn_system_auto_pc_0_axi_register_slice_v2_1_22_axic_register_slice_0 |         72 |         72 |       0 |    0 |  113 |      0 |      0 |          0 |
|                 b.b_pipe                                                                          | cnn_system_auto_pc_0_axi_register_slice_v2_1_22_axic_register_slice__parameterized1 |         10 |         10 |       0 |    0 |   30 |      0 |      0 |          0 |
|                 r.r_pipe                                                                          | cnn_system_auto_pc_0_axi_register_slice_v2_1_22_axic_register_slice__parameterized2 |         27 |         27 |       0 |    0 |   96 |      0 |      0 |          0 |
|               WR.aw_channel_0                                                                     |                  cnn_system_auto_pc_0_axi_protocol_converter_v2_1_22_b2s_aw_channel |         77 |         77 |       0 |    0 |   86 |      0 |      0 |          0 |
|                 (WR.aw_channel_0)                                                                 |                  cnn_system_auto_pc_0_axi_protocol_converter_v2_1_22_b2s_aw_channel |          0 |          0 |       0 |    0 |   16 |      0 |      0 |          0 |
|                 aw_cmd_fsm_0                                                                      |                  cnn_system_auto_pc_0_axi_protocol_converter_v2_1_22_b2s_wr_cmd_fsm |         44 |         44 |       0 |    0 |    2 |      0 |      0 |          0 |
|                 cmd_translator_0                                                                  |              cnn_system_auto_pc_0_axi_protocol_converter_v2_1_22_b2s_cmd_translator |         33 |         33 |       0 |    0 |   68 |      0 |      0 |          0 |
|               WR.b_channel_0                                                                      |                   cnn_system_auto_pc_0_axi_protocol_converter_v2_1_22_b2s_b_channel |         39 |         21 |       0 |   18 |   17 |      0 |      0 |          0 |
|                 (WR.b_channel_0)                                                                  |                   cnn_system_auto_pc_0_axi_protocol_converter_v2_1_22_b2s_b_channel |          8 |          8 |       0 |    0 |   13 |      0 |      0 |          0 |
|                 bid_fifo_0                                                                        |                 cnn_system_auto_pc_0_axi_protocol_converter_v2_1_22_b2s_simple_fifo |         25 |          9 |       0 |   16 |    2 |      0 |      0 |          0 |
|                 bresp_fifo_0                                                                      | cnn_system_auto_pc_0_axi_protocol_converter_v2_1_22_b2s_simple_fifo__parameterized0 |          6 |          4 |       0 |    2 |    2 |      0 |      0 |          0 |
|       xbar                                                                                        |                                                                   cnn_system_xbar_0 |        122 |        122 |       0 |    0 |  130 |      0 |      0 |          0 |
|         (xbar)                                                                                    |                                                                   cnn_system_xbar_0 |          0 |          0 |       0 |    0 |    0 |      0 |      0 |          0 |
|         inst                                                                                      |                                 cnn_system_xbar_0_axi_crossbar_v2_1_23_axi_crossbar |        122 |        122 |       0 |    0 |  130 |      0 |      0 |          0 |
|           (inst)                                                                                  |                                 cnn_system_xbar_0_axi_crossbar_v2_1_23_axi_crossbar |          0 |          0 |       0 |    0 |    0 |      0 |      0 |          0 |
|           gen_sasd.crossbar_sasd_0                                                                |                                cnn_system_xbar_0_axi_crossbar_v2_1_23_crossbar_sasd |        122 |        122 |       0 |    0 |  130 |      0 |      0 |          0 |
|             (gen_sasd.crossbar_sasd_0)                                                            |                                cnn_system_xbar_0_axi_crossbar_v2_1_23_crossbar_sasd |          2 |          2 |       0 |    0 |    6 |      0 |      0 |          0 |
|             addr_arbiter_inst                                                                     |                            cnn_system_xbar_0_axi_crossbar_v2_1_23_addr_arbiter_sasd |         69 |         69 |       0 |    0 |   41 |      0 |      0 |          0 |
|             gen_decerr.decerr_slave_inst                                                          |                                 cnn_system_xbar_0_axi_crossbar_v2_1_23_decerr_slave |          7 |          7 |       0 |    0 |    4 |      0 |      0 |          0 |
|             reg_slice_r                                                                           |                    cnn_system_xbar_0_axi_register_slice_v2_1_22_axic_register_slice |         37 |         37 |       0 |    0 |   74 |      0 |      0 |          0 |
|             splitter_ar                                                                           |                     cnn_system_xbar_0_axi_crossbar_v2_1_23_splitter__parameterized0 |          0 |          0 |       0 |    0 |    2 |      0 |      0 |          0 |
|             splitter_aw                                                                           |                                     cnn_system_xbar_0_axi_crossbar_v2_1_23_splitter |          7 |          7 |       0 |    0 |    3 |      0 |      0 |          0 |
|     rst_ps7_0_100M                                                                                |                                                         cnn_system_rst_ps7_0_100M_0 |         19 |         18 |       0 |    1 |   40 |      0 |      0 |          0 |
|       U0                                                                                          |                                          cnn_system_rst_ps7_0_100M_0_proc_sys_reset |         19 |         18 |       0 |    1 |   40 |      0 |      0 |          0 |
|         (U0)                                                                                      |                                          cnn_system_rst_ps7_0_100M_0_proc_sys_reset |          0 |          0 |       0 |    0 |    5 |      0 |      0 |          0 |
|         EXT_LPF                                                                                   |                                                     cnn_system_rst_ps7_0_100M_0_lpf |          6 |          5 |       0 |    1 |   17 |      0 |      0 |          0 |
|           (EXT_LPF)                                                                               |                                                     cnn_system_rst_ps7_0_100M_0_lpf |          2 |          1 |       0 |    1 |    9 |      0 |      0 |          0 |
|           ACTIVE_LOW_AUX.ACT_LO_AUX                                                               |                                                cnn_system_rst_ps7_0_100M_0_cdc_sync |          2 |          2 |       0 |    0 |    4 |      0 |      0 |          0 |
|           ACTIVE_LOW_EXT.ACT_LO_EXT                                                               |                                              cnn_system_rst_ps7_0_100M_0_cdc_sync_0 |          2 |          2 |       0 |    0 |    4 |      0 |      0 |          0 |
|         SEQ                                                                                       |                                            cnn_system_rst_ps7_0_100M_0_sequence_psr |         13 |         13 |       0 |    0 |   18 |      0 |      0 |          0 |
|           (SEQ)                                                                                   |                                            cnn_system_rst_ps7_0_100M_0_sequence_psr |          8 |          8 |       0 |    0 |   12 |      0 |      0 |          0 |
|           SEQ_COUNTER                                                                             |                                                 cnn_system_rst_ps7_0_100M_0_upcnt_n |          5 |          5 |       0 |    0 |    6 |      0 |      0 |          0 |
|     xlconcat_0                                                                                    |                                                             cnn_system_xlconcat_0_0 |          0 |          0 |       0 |    0 |    0 |      0 |      0 |          0 |
+---------------------------------------------------------------------------------------------------+-------------------------------------------------------------------------------------+------------+------------+---------+------+------+--------+--------+------------+


