Copyright 1986-2020 Xilinx, Inc. All Rights Reserved.
-----------------------------------------------------------------------------------------------------------------------------------------------
| Tool Version : Vivado v.2020.2 (win64) Build 3064766 Wed Nov 18 09:12:45 MST 2020
| Date         : Thu Sep  3 13:09:27 2026
| Host         : duyu running 64-bit major release  (build 9200)
| Command      : report_utilization -hierarchical -hierarchical_depth 6 -file D:/Xilinx/zynq7020/cnn_soc/reports/soc_impl_utilization_hier.rpt
| Design       : cnn_system_wrapper
| Device       : 7z020clg400-2
| Design State : Routed
-----------------------------------------------------------------------------------------------------------------------------------------------

Utilization Design Information

Table of Contents
-----------------
1. Utilization by Hierarchy

1. Utilization by Hierarchy
---------------------------

+-------------------------------------------------------------------+------------------------------------------------------------------------------+------------+------------+---------+------+------+--------+--------+------------+
|                              Instance                             |                                    Module                                    | Total LUTs | Logic LUTs | LUTRAMs | SRLs |  FFs | RAMB36 | RAMB18 | DSP Blocks |
+-------------------------------------------------------------------+------------------------------------------------------------------------------+------------+------------+---------+------+------+--------+--------+------------+
| cnn_system_wrapper                                                |                                                                        (top) |      12013 |       7870 |    3970 |  173 | 6785 |      4 |      0 |        152 |
|   cnn_system_i                                                    |                                                                   cnn_system |      12013 |       7870 |    3970 |  173 | 6785 |      4 |      0 |        152 |
|     (cnn_system_i)                                                |                                                                   cnn_system |          0 |          0 |       0 |    0 |    0 |      0 |      0 |          0 |
|     axi_dma_0                                                     |                                                       cnn_system_axi_dma_0_0 |       1199 |       1103 |       8 |   88 | 1706 |      2 |      0 |          0 |
|       (axi_dma_0)                                                 |                                                       cnn_system_axi_dma_0_0 |          0 |          0 |       0 |    0 |    0 |      0 |      0 |          0 |
|       U0                                                          |                                               cnn_system_axi_dma_0_0_axi_dma |       1199 |       1103 |       8 |   88 | 1706 |      2 |      0 |          0 |
|         INCLUDE_MM2S_SOF_EOF_GENERATOR.I_MM2S_DMA_MNGR            |                                     cnn_system_axi_dma_0_0_axi_dma_mm2s_mngr |         13 |         13 |       0 |    0 |   64 |      0 |      0 |          0 |
|           (INCLUDE_MM2S_SOF_EOF_GENERATOR.I_MM2S_DMA_MNGR)        |                                     cnn_system_axi_dma_0_0_axi_dma_mm2s_mngr |          0 |          0 |       0 |    0 |    1 |      0 |      0 |          0 |
|           GEN_MM2S_DMA_CONTROL.GEN_SIMPLE_DMA_MODE.I_MM2S_SMPL_SM |                                   cnn_system_axi_dma_0_0_axi_dma_smple_sm_29 |          9 |          9 |       0 |    0 |   53 |      0 |      0 |          0 |
|           GEN_MM2S_DMA_CONTROL.I_MM2S_CMDSTS                      |                                cnn_system_axi_dma_0_0_axi_dma_mm2s_cmdsts_if |          2 |          2 |       0 |    0 |    7 |      0 |      0 |          0 |
|           GEN_MM2S_DMA_CONTROL.I_MM2S_STS_MNGR                    |                                 cnn_system_axi_dma_0_0_axi_dma_mm2s_sts_mngr |          2 |          2 |       0 |    0 |    3 |      0 |      0 |          0 |
|         INCLUDE_S2MM_SOF_EOF_GENERATOR.I_S2MM_DMA_MNGR            |                                     cnn_system_axi_dma_0_0_axi_dma_s2mm_mngr |         22 |         22 |       0 |    0 |   80 |      0 |      0 |          0 |
|           (INCLUDE_S2MM_SOF_EOF_GENERATOR.I_S2MM_DMA_MNGR)        |                                     cnn_system_axi_dma_0_0_axi_dma_s2mm_mngr |          0 |          0 |       0 |    0 |    1 |      0 |      0 |          0 |
|           GEN_S2MM_DMA_CONTROL.GEN_SIMPLE_DMA_MODE.I_S2MM_SMPL_SM |                                      cnn_system_axi_dma_0_0_axi_dma_smple_sm |          9 |          9 |       0 |    0 |   53 |      0 |      0 |          0 |
|           GEN_S2MM_DMA_CONTROL.I_S2MM_CMDSTS                      |                                cnn_system_axi_dma_0_0_axi_dma_s2mm_cmdsts_if |         11 |         11 |       0 |    0 |   23 |      0 |      0 |          0 |
|           GEN_S2MM_DMA_CONTROL.I_S2MM_STS_MNGR                    |                                 cnn_system_axi_dma_0_0_axi_dma_s2mm_sts_mngr |          2 |          2 |       0 |    0 |    3 |      0 |      0 |          0 |
|         I_AXI_DMA_REG_MODULE                                      |                                    cnn_system_axi_dma_0_0_axi_dma_reg_module |        143 |        143 |       0 |    0 |  243 |      0 |      0 |          0 |
|           GEN_AXI_LITE_IF.AXI_LITE_IF_I                           |                                       cnn_system_axi_dma_0_0_axi_dma_lite_if |        102 |        102 |       0 |    0 |   85 |      0 |      0 |          0 |
|           GEN_MM2S_REGISTERS.I_MM2S_DMA_REGISTER                  |                                      cnn_system_axi_dma_0_0_axi_dma_register |         24 |         24 |       0 |    0 |   79 |      0 |      0 |          0 |
|           GEN_S2MM_REGISTERS.I_S2MM_DMA_REGISTER                  |                                 cnn_system_axi_dma_0_0_axi_dma_register_s2mm |         17 |         17 |       0 |    0 |   79 |      0 |      0 |          0 |
|         I_PRMRY_DATAMOVER                                         |                                         cnn_system_axi_dma_0_0_axi_datamover |       1006 |        910 |       8 |   88 | 1281 |      2 |      0 |          0 |
|           GEN_MM2S_FULL.I_MM2S_FULL_WRAPPER                       |                          cnn_system_axi_dma_0_0_axi_datamover_mm2s_full_wrap |        357 |        324 |       0 |   33 |  398 |      1 |      0 |          0 |
|             ENABLE_AXIS_SKID.I_MM2S_SKID_BUF                      |                             cnn_system_axi_dma_0_0_axi_datamover_skid_buf_12 |          4 |          4 |       0 |    0 |   22 |      0 |      0 |          0 |
|             GEN_INCLUDE_MM2S_SF.I_RD_SF                           |                                   cnn_system_axi_dma_0_0_axi_datamover_rd_sf |        105 |        103 |       0 |    2 |   61 |      1 |      0 |          0 |
|             I_ADDR_CNTL                                           |                               cnn_system_axi_dma_0_0_axi_datamover_addr_cntl |         31 |          9 |       0 |   22 |   49 |      0 |      0 |          0 |
|             I_CMD_STATUS                                          |                              cnn_system_axi_dma_0_0_axi_datamover_cmd_status |         13 |         13 |       0 |    0 |   59 |      0 |      0 |          0 |
|             I_MSTR_PCC                                            |                                     cnn_system_axi_dma_0_0_axi_datamover_pcc |        147 |        147 |       0 |    0 |  156 |      0 |      0 |          0 |
|             I_RD_DATA_CNTL                                        |                             cnn_system_axi_dma_0_0_axi_datamover_rddata_cntl |         55 |         46 |       0 |    9 |   43 |      0 |      0 |          0 |
|             I_RD_STATUS_CNTLR                                     |                          cnn_system_axi_dma_0_0_axi_datamover_rd_status_cntl |          1 |          1 |       0 |    0 |    5 |      0 |      0 |          0 |
|             I_RESET                                               |                                cnn_system_axi_dma_0_0_axi_datamover_reset_13 |          2 |          2 |       0 |    0 |    3 |      0 |      0 |          0 |
|           GEN_S2MM_FULL.I_S2MM_FULL_WRAPPER                       |                          cnn_system_axi_dma_0_0_axi_datamover_s2mm_full_wrap |        649 |        586 |       8 |   55 |  883 |      1 |      0 |          0 |
|             ENABLE_AXIS_SKID.I_S2MM_STRM_SKID_BUF                 |                                cnn_system_axi_dma_0_0_axi_datamover_skid_buf |         16 |         16 |       0 |    0 |   26 |      0 |      0 |          0 |
|             GEN_ENABLE_INDET_BTT_SF.I_INDET_BTT                   |                               cnn_system_axi_dma_0_0_axi_datamover_indet_btt |        166 |        158 |       8 |    0 |  241 |      1 |      0 |          0 |
|             GEN_INCLUDE_IBTTCC.I_S2MM_MSTR_IBTTCC                 |                                  cnn_system_axi_dma_0_0_axi_datamover_ibttcc |        122 |        122 |       0 |    0 |  217 |      0 |      0 |          0 |
|             GEN_INCLUDE_REALIGNER.I_S2MM_REALIGNER                |                            cnn_system_axi_dma_0_0_axi_datamover_s2mm_realign |        152 |        137 |       0 |   15 |   96 |      0 |      0 |          0 |
|             I_ADDR_CNTL                                           |               cnn_system_axi_dma_0_0_axi_datamover_addr_cntl__parameterized0 |         30 |          9 |       0 |   21 |   49 |      0 |      0 |          0 |
|             I_CMD_STATUS                                          |              cnn_system_axi_dma_0_0_axi_datamover_cmd_status__parameterized0 |         20 |         20 |       0 |    0 |   75 |      0 |      0 |          0 |
|             I_RESET                                               |                                   cnn_system_axi_dma_0_0_axi_datamover_reset |          3 |          3 |       0 |    0 |    3 |      0 |      0 |          0 |
|             I_S2MM_MMAP_SKID_BUF                                  |                             cnn_system_axi_dma_0_0_axi_datamover_skid2mm_buf |         39 |         39 |       0 |    0 |   78 |      0 |      0 |          0 |
|             I_WR_DATA_CNTL                                        |                             cnn_system_axi_dma_0_0_axi_datamover_wrdata_cntl |         68 |         60 |       0 |    8 |   50 |      0 |      0 |          0 |
|             I_WR_STATUS_CNTLR                                     |                          cnn_system_axi_dma_0_0_axi_datamover_wr_status_cntl |         46 |         35 |       0 |   11 |   48 |      0 |      0 |          0 |
|         I_RST_MODULE                                              |                                    cnn_system_axi_dma_0_0_axi_dma_rst_module |         16 |         16 |       0 |    0 |   38 |      0 |      0 |          0 |
|           (I_RST_MODULE)                                          |                                    cnn_system_axi_dma_0_0_axi_dma_rst_module |          3 |          3 |       0 |    0 |    2 |      0 |      0 |          0 |
|           GEN_RESET_FOR_MM2S.RESET_I                              |                                         cnn_system_axi_dma_0_0_axi_dma_reset |          8 |          8 |       0 |    0 |   15 |      0 |      0 |          0 |
|           GEN_RESET_FOR_S2MM.RESET_I                              |                                       cnn_system_axi_dma_0_0_axi_dma_reset_1 |          7 |          7 |       0 |    0 |   13 |      0 |      0 |          0 |
|           REG_HRD_RST                                             |                                              cnn_system_axi_dma_0_0_cdc_sync |          0 |          0 |       0 |    0 |    4 |      0 |      0 |          0 |
|           REG_HRD_RST_OUT                                         |                                            cnn_system_axi_dma_0_0_cdc_sync_2 |          0 |          0 |       0 |    0 |    4 |      0 |      0 |          0 |
|     axi_intc_0                                                    |                                                      cnn_system_axi_intc_0_0 |         71 |         71 |       0 |    0 |   73 |      0 |      0 |          0 |
|       U0                                                          |                                             cnn_system_axi_intc_0_0_axi_intc |         71 |         71 |       0 |    0 |   73 |      0 |      0 |          0 |
|         (U0)                                                      |                                             cnn_system_axi_intc_0_0_axi_intc |          0 |          0 |       0 |    0 |    4 |      0 |      0 |          0 |
|         AXI_LITE_IPIF_I                                           |                                        cnn_system_axi_intc_0_0_axi_lite_ipif |         60 |         60 |       0 |    0 |   49 |      0 |      0 |          0 |
|           I_SLAVE_ATTACHMENT                                      |                                     cnn_system_axi_intc_0_0_slave_attachment |         60 |         60 |       0 |    0 |   49 |      0 |      0 |          0 |
|             (I_SLAVE_ATTACHMENT)                                  |                                     cnn_system_axi_intc_0_0_slave_attachment |         24 |         24 |       0 |    0 |   29 |      0 |      0 |          0 |
|             I_DECODER                                             |                                      cnn_system_axi_intc_0_0_address_decoder |         36 |         36 |       0 |    0 |   20 |      0 |      0 |          0 |
|         INTC_CORE_I                                               |                                            cnn_system_axi_intc_0_0_intc_core |         12 |         12 |       0 |    0 |   20 |      0 |      0 |          0 |
|     axi_smc                                                       |                                                         cnn_system_axi_smc_0 |        479 |        362 |     108 |    9 |  392 |      0 |      0 |          0 |
|       (axi_smc)                                                   |                                                         cnn_system_axi_smc_0 |          0 |          0 |       0 |    0 |    0 |      0 |      0 |          0 |
|       inst                                                        |                                                 cnn_system_axi_smc_0_bd_29af |        479 |        362 |     108 |    9 |  392 |      0 |      0 |          0 |
|         clk_map                                                   |                                     cnn_system_axi_smc_0_clk_map_imp_103N3R8 |         13 |         12 |       0 |    1 |   22 |      0 |      0 |          0 |
|           psr_aclk                                                |                                      cnn_system_axi_smc_0_bd_29af_psr_aclk_0 |         13 |         12 |       0 |    1 |   22 |      0 |      0 |          0 |
|             U0                                                    |                                          cnn_system_axi_smc_0_proc_sys_reset |         13 |         12 |       0 |    1 |   22 |      0 |      0 |          0 |
|         m00_exit_pipeline                                         |                            cnn_system_axi_smc_0_m00_exit_pipeline_imp_Y1MBRZ |        216 |        208 |       0 |    8 |  158 |      0 |      0 |          0 |
|           m00_exit                                                |                                          cnn_system_axi_smc_0_bd_29af_m00e_0 |        216 |        208 |       0 |    8 |  158 |      0 |      0 |          0 |
|             inst                                                  |                                     cnn_system_axi_smc_0_sc_exit_v1_0_11_top |        216 |        208 |       0 |    8 |  158 |      0 |      0 |          0 |
|         m00_sc2axi                                                |                                        cnn_system_axi_smc_0_bd_29af_m00s2a_0 |          0 |          0 |       0 |    0 |    0 |      0 |      0 |          0 |
|           inst                                                    |                                    cnn_system_axi_smc_0_sc_sc2axi_v1_0_7_top |          0 |          0 |       0 |    0 |    0 |      0 |      0 |          0 |
|         s00_axi2sc                                                |                                        cnn_system_axi_smc_0_bd_29af_s00a2s_0 |          0 |          0 |       0 |    0 |    0 |      0 |      0 |          0 |
|           inst                                                    |                                    cnn_system_axi_smc_0_sc_axi2sc_v1_0_7_top |          0 |          0 |       0 |    0 |    0 |      0 |      0 |          0 |
|         s00_entry_pipeline                                        |                          cnn_system_axi_smc_0_s00_entry_pipeline_imp_1X98658 |         20 |         20 |       0 |    0 |   14 |      0 |      0 |          0 |
|           s00_mmu                                                 |                                        cnn_system_axi_smc_0_bd_29af_s00mmu_0 |         10 |         10 |       0 |    0 |   10 |      0 |      0 |          0 |
|             inst                                                  |                                      cnn_system_axi_smc_0_sc_mmu_v1_0_10_top |         10 |         10 |       0 |    0 |   10 |      0 |      0 |          0 |
|           s00_si_converter                                        |                                        cnn_system_axi_smc_0_bd_29af_s00sic_0 |         11 |         11 |       0 |    0 |    4 |      0 |      0 |          0 |
|             inst                                                  |                             cnn_system_axi_smc_0_sc_si_converter_v1_0_10_top |         11 |         11 |       0 |    0 |    4 |      0 |      0 |          0 |
|           s00_transaction_regulator                               |                                         cnn_system_axi_smc_0_bd_29af_s00tr_0 |          0 |          0 |       0 |    0 |    0 |      0 |      0 |          0 |
|             inst                                                  |                     cnn_system_axi_smc_0_sc_transaction_regulator_v1_0_9_top |          0 |          0 |       0 |    0 |    0 |      0 |      0 |          0 |
|         s00_nodes                                                 |                                   cnn_system_axi_smc_0_s00_nodes_imp_1TIQL1I |        230 |        122 |     108 |    0 |  198 |      0 |      0 |          0 |
|           s00_ar_node                                             |                                          cnn_system_axi_smc_0_bd_29af_sarn_0 |        100 |         44 |      56 |    0 |   97 |      0 |      0 |          0 |
|             inst                                                  |                                     cnn_system_axi_smc_0_sc_node_v1_0_12_top |        100 |         44 |      56 |    0 |   97 |      0 |      0 |          0 |
|           s00_r_node                                              |                                           cnn_system_axi_smc_0_bd_29af_srn_0 |        131 |         79 |      52 |    0 |  101 |      0 |      0 |          0 |
|             inst                                                  |                     cnn_system_axi_smc_0_sc_node_v1_0_12_top__parameterized0 |        131 |         79 |      52 |    0 |  101 |      0 |      0 |          0 |
|     axi_smc_1                                                     |                                                       cnn_system_axi_smc_1_0 |        566 |        444 |     108 |   14 |  542 |      0 |      0 |          0 |
|       (axi_smc_1)                                                 |                                                       cnn_system_axi_smc_1_0 |          0 |          0 |       0 |    0 |    0 |      0 |      0 |          0 |
|       inst                                                        |                                               cnn_system_axi_smc_1_0_bd_0ad4 |        566 |        444 |     108 |   14 |  542 |      0 |      0 |          0 |
|         clk_map                                                   |                                   cnn_system_axi_smc_1_0_clk_map_imp_1DKJU1M |         13 |         12 |       0 |    1 |   22 |      0 |      0 |          0 |
|           psr_aclk                                                |                                    cnn_system_axi_smc_1_0_bd_0ad4_psr_aclk_0 |         13 |         12 |       0 |    1 |   22 |      0 |      0 |          0 |
|             U0                                                    |                                        cnn_system_axi_smc_1_0_proc_sys_reset |         13 |         12 |       0 |    1 |   22 |      0 |      0 |          0 |
|         m00_exit_pipeline                                         |                          cnn_system_axi_smc_1_0_m00_exit_pipeline_imp_KJG4CH |        234 |        226 |       0 |    8 |  173 |      0 |      0 |          0 |
|           m00_exit                                                |                                        cnn_system_axi_smc_1_0_bd_0ad4_m00e_0 |        234 |        226 |       0 |    8 |  173 |      0 |      0 |          0 |
|             inst                                                  |                                   cnn_system_axi_smc_1_0_sc_exit_v1_0_11_top |        234 |        226 |       0 |    8 |  173 |      0 |      0 |          0 |
|         m00_sc2axi                                                |                                      cnn_system_axi_smc_1_0_bd_0ad4_m00s2a_0 |          0 |          0 |       0 |    0 |    0 |      0 |      0 |          0 |
|           inst                                                    |                                  cnn_system_axi_smc_1_0_sc_sc2axi_v1_0_7_top |          0 |          0 |       0 |    0 |    0 |      0 |      0 |          0 |
|         s00_axi2sc                                                |                                      cnn_system_axi_smc_1_0_bd_0ad4_s00a2s_0 |          0 |          0 |       0 |    0 |    0 |      0 |      0 |          0 |
|           inst                                                    |                                  cnn_system_axi_smc_1_0_sc_axi2sc_v1_0_7_top |          0 |          0 |       0 |    0 |    0 |      0 |      0 |          0 |
|         s00_entry_pipeline                                        |                        cnn_system_axi_smc_1_0_s00_entry_pipeline_imp_1JTK7PE |         73 |         68 |       0 |    5 |   37 |      0 |      0 |          0 |
|           s00_mmu                                                 |                                      cnn_system_axi_smc_1_0_bd_0ad4_s00mmu_0 |         28 |         28 |       0 |    0 |   19 |      0 |      0 |          0 |
|             inst                                                  |                                    cnn_system_axi_smc_1_0_sc_mmu_v1_0_10_top |         28 |         28 |       0 |    0 |   19 |      0 |      0 |          0 |
|           s00_si_converter                                        |                                      cnn_system_axi_smc_1_0_bd_0ad4_s00sic_0 |         46 |         41 |       0 |    5 |   18 |      0 |      0 |          0 |
|             inst                                                  |                           cnn_system_axi_smc_1_0_sc_si_converter_v1_0_10_top |         46 |         41 |       0 |    5 |   18 |      0 |      0 |          0 |
|           s00_transaction_regulator                               |                                       cnn_system_axi_smc_1_0_bd_0ad4_s00tr_0 |          0 |          0 |       0 |    0 |    0 |      0 |      0 |          0 |
|             inst                                                  |                   cnn_system_axi_smc_1_0_sc_transaction_regulator_v1_0_9_top |          0 |          0 |       0 |    0 |    0 |      0 |      0 |          0 |
|         s00_nodes                                                 |                                 cnn_system_axi_smc_1_0_s00_nodes_imp_1P7FKEW |        248 |        140 |     108 |    0 |  310 |      0 |      0 |          0 |
|           s00_aw_node                                             |                                        cnn_system_axi_smc_1_0_bd_0ad4_sawn_0 |         96 |         44 |      52 |    0 |   93 |      0 |      0 |          0 |
|             inst                                                  |                                   cnn_system_axi_smc_1_0_sc_node_v1_0_12_top |         96 |         44 |      52 |    0 |   93 |      0 |      0 |          0 |
|           s00_b_node                                              |                                         cnn_system_axi_smc_1_0_bd_0ad4_sbn_0 |         46 |         42 |       4 |    0 |   31 |      0 |      0 |          0 |
|             inst                                                  |                   cnn_system_axi_smc_1_0_sc_node_v1_0_12_top__parameterized0 |         46 |         42 |       4 |    0 |   31 |      0 |      0 |          0 |
|           s00_w_node                                              |                                         cnn_system_axi_smc_1_0_bd_0ad4_swn_0 |        107 |         55 |      52 |    0 |  186 |      0 |      0 |          0 |
|             inst                                                  |                   cnn_system_axi_smc_1_0_sc_node_v1_0_12_top__parameterized1 |        107 |         55 |      52 |    0 |  186 |      0 |      0 |          0 |
|     axis_cnn_mnist_0                                              |                                                cnn_system_axis_cnn_mnist_0_0 |       9083 |       5351 |    3732 |    0 | 3256 |      0 |      0 |        152 |
|       (axis_cnn_mnist_0)                                          |                                                cnn_system_axis_cnn_mnist_0_0 |         29 |         29 |       0 |    0 |    0 |      0 |      0 |          0 |
|       inst                                                        |                                 cnn_system_axis_cnn_mnist_0_0_axis_cnn_mnist |       9054 |       5322 |    3732 |    0 | 3256 |      0 |      0 |        152 |
|         (inst)                                                    |                                 cnn_system_axis_cnn_mnist_0_0_axis_cnn_mnist |         13 |         13 |       0 |    0 |   25 |      0 |      0 |          0 |
|         u_conv1                                                   |                                    cnn_system_axis_cnn_mnist_0_0_conv1_layer |       1699 |       1495 |     204 |    0 | 1106 |      0 |      0 |          0 |
|           u_conv1_buf                                             |                                      cnn_system_axis_cnn_mnist_0_0_conv1_buf |       1060 |        856 |     204 |    0 |  103 |      0 |      0 |          0 |
|           u_conv1_calc                                            |                                     cnn_system_axis_cnn_mnist_0_0_conv1_calc |        647 |        647 |       0 |    0 | 1003 |      0 |      0 |          0 |
|         u_conv2                                                   |                                    cnn_system_axis_cnn_mnist_0_0_conv2_layer |       6081 |       2625 |    3456 |    0 |  667 |      0 |      0 |        144 |
|           (u_conv2)                                               |                                    cnn_system_axis_cnn_mnist_0_0_conv2_layer |         10 |         10 |       0 |    0 |    0 |      0 |      0 |          0 |
|           u_buf                                                   |                                      cnn_system_axis_cnn_mnist_0_0_conv2_buf |       4429 |        973 |    3456 |    0 |   71 |      0 |      0 |          0 |
|           u_calc                                                  |                                     cnn_system_axis_cnn_mnist_0_0_conv2_calc |       1654 |       1654 |       0 |    0 |  596 |      0 |      0 |        144 |
|         u_fc                                                      |                                cnn_system_axis_cnn_mnist_0_0_fully_connected |        684 |        612 |      72 |    0 |  155 |      0 |      0 |          8 |
|         u_pool1                                                   |                                   cnn_system_axis_cnn_mnist_0_0_maxpool_relu |        247 |        247 |       0 |    0 |  670 |      0 |      0 |          0 |
|         u_pool2                                                   |                   cnn_system_axis_cnn_mnist_0_0_maxpool_relu__parameterized0 |        346 |        346 |       0 |    0 |  633 |      0 |      0 |          0 |
|     axis_data_fifo_0                                              |                                                cnn_system_axis_data_fifo_0_0 |         31 |         31 |       0 |    0 |   69 |      2 |      0 |          0 |
|       inst                                                        |                      cnn_system_axis_data_fifo_0_0_axis_data_fifo_v2_0_4_top |         31 |         31 |       0 |    0 |   69 |      2 |      0 |          0 |
|         gen_fifo.xpm_fifo_axis_inst                               |                                  cnn_system_axis_data_fifo_0_0_xpm_fifo_axis |         31 |         31 |       0 |    0 |   69 |      2 |      0 |          0 |
|           (gen_fifo.xpm_fifo_axis_inst)                           |                                  cnn_system_axis_data_fifo_0_0_xpm_fifo_axis |          2 |          2 |       0 |    0 |    0 |      0 |      0 |          0 |
|           gaxis_rst_sync.xpm_cdc_sync_rst_inst                    |                               cnn_system_axis_data_fifo_0_0_xpm_cdc_sync_rst |          0 |          0 |       0 |    0 |    4 |      0 |      0 |          0 |
|           xpm_fifo_base_inst                                      |                                  cnn_system_axis_data_fifo_0_0_xpm_fifo_base |         29 |         29 |       0 |    0 |   65 |      2 |      0 |          0 |
|             (xpm_fifo_base_inst)                                  |                                  cnn_system_axis_data_fifo_0_0_xpm_fifo_base |          4 |          4 |       0 |    0 |    7 |      0 |      0 |          0 |
|             gen_sdpram.xpm_memory_base_inst                       |                                cnn_system_axis_data_fifo_0_0_xpm_memory_base |          1 |          1 |       0 |    0 |    0 |      2 |      0 |          0 |
|             rdp_inst                                              |               cnn_system_axis_data_fifo_0_0_xpm_counter_updn__parameterized0 |         12 |         12 |       0 |    0 |   13 |      0 |      0 |          0 |
|             rdpp1_inst                                            |               cnn_system_axis_data_fifo_0_0_xpm_counter_updn__parameterized1 |          2 |          2 |       0 |    0 |   13 |      0 |      0 |          0 |
|             rst_d1_inst                                           |                               cnn_system_axis_data_fifo_0_0_xpm_fifo_reg_bit |          3 |          3 |       0 |    0 |    1 |      0 |      0 |          0 |
|             wrp_inst                                              |             cnn_system_axis_data_fifo_0_0_xpm_counter_updn__parameterized0_0 |          6 |          6 |       0 |    0 |   13 |      0 |      0 |          0 |
|             wrpp1_inst                                            |             cnn_system_axis_data_fifo_0_0_xpm_counter_updn__parameterized1_1 |          1 |          1 |       0 |    0 |   13 |      0 |      0 |          0 |
|             xpm_fifo_rst_inst                                     |                                   cnn_system_axis_data_fifo_0_0_xpm_fifo_rst |          2 |          2 |       0 |    0 |    5 |      0 |      0 |          0 |
|     axis_data_fifo_1                                              |                                                cnn_system_axis_data_fifo_1_0 |         54 |         40 |      14 |    0 |   59 |      0 |      0 |          0 |
|       inst                                                        |                      cnn_system_axis_data_fifo_1_0_axis_data_fifo_v2_0_4_top |         54 |         40 |      14 |    0 |   59 |      0 |      0 |          0 |
|         (inst)                                                    |                      cnn_system_axis_data_fifo_1_0_axis_data_fifo_v2_0_4_top |          0 |          0 |       0 |    0 |    0 |      0 |      0 |          0 |
|         gen_fifo.xpm_fifo_axis_inst                               |                                  cnn_system_axis_data_fifo_1_0_xpm_fifo_axis |         54 |         40 |      14 |    0 |   59 |      0 |      0 |          0 |
|           (gen_fifo.xpm_fifo_axis_inst)                           |                                  cnn_system_axis_data_fifo_1_0_xpm_fifo_axis |          2 |          2 |       0 |    0 |    0 |      0 |      0 |          0 |
|           gaxis_rst_sync.xpm_cdc_sync_rst_inst                    |                               cnn_system_axis_data_fifo_1_0_xpm_cdc_sync_rst |          0 |          0 |       0 |    0 |    4 |      0 |      0 |          0 |
|           xpm_fifo_base_inst                                      |                                  cnn_system_axis_data_fifo_1_0_xpm_fifo_base |         52 |         38 |      14 |    0 |   55 |      0 |      0 |          0 |
|             (xpm_fifo_base_inst)                                  |                                  cnn_system_axis_data_fifo_1_0_xpm_fifo_base |          3 |          3 |       0 |    0 |    7 |      0 |      0 |          0 |
|             gen_sdpram.xpm_memory_base_inst                       |                                cnn_system_axis_data_fifo_1_0_xpm_memory_base |         14 |          0 |      14 |    0 |   18 |      0 |      0 |          0 |
|             rdp_inst                                              |               cnn_system_axis_data_fifo_1_0_xpm_counter_updn__parameterized0 |         14 |         14 |       0 |    0 |    6 |      0 |      0 |          0 |
|             rdpp1_inst                                            |               cnn_system_axis_data_fifo_1_0_xpm_counter_updn__parameterized1 |          6 |          6 |       0 |    0 |    6 |      0 |      0 |          0 |
|             rst_d1_inst                                           |                               cnn_system_axis_data_fifo_1_0_xpm_fifo_reg_bit |          1 |          1 |       0 |    0 |    1 |      0 |      0 |          0 |
|             wrp_inst                                              |             cnn_system_axis_data_fifo_1_0_xpm_counter_updn__parameterized0_0 |          8 |          8 |       0 |    0 |    6 |      0 |      0 |          0 |
|             wrpp1_inst                                            |             cnn_system_axis_data_fifo_1_0_xpm_counter_updn__parameterized1_1 |          5 |          5 |       0 |    0 |    6 |      0 |      0 |          0 |
|             xpm_fifo_rst_inst                                     |                                   cnn_system_axis_data_fifo_1_0_xpm_fifo_rst |          2 |          2 |       0 |    0 |    5 |      0 |      0 |          0 |
|     processing_system7_0                                          |                                            cnn_system_processing_system7_0_0 |          0 |          0 |       0 |    0 |    0 |      0 |      0 |          0 |
|       inst                                                        | cnn_system_processing_system7_0_0_processing_system7_v5_5_processing_system7 |          0 |          0 |       0 |    0 |    0 |      0 |      0 |          0 |
|     ps7_0_axi_periph                                              |                                                cnn_system_ps7_0_axi_periph_0 |        515 |        454 |       0 |   61 |  655 |      0 |      0 |          0 |
|       s00_couplers                                                |                                                     s00_couplers_imp_12EVL4N |        404 |        343 |       0 |   61 |  534 |      0 |      0 |          0 |
|         auto_pc                                                   |                                                         cnn_system_auto_pc_0 |        404 |        343 |       0 |   61 |  534 |      0 |      0 |          0 |
|           inst                                                    |   cnn_system_auto_pc_0_axi_protocol_converter_v2_1_22_axi_protocol_converter |        404 |        343 |       0 |   61 |  534 |      0 |      0 |          0 |
|             gen_axilite.gen_b2s_conv.axilite_b2s                  |                      cnn_system_auto_pc_0_axi_protocol_converter_v2_1_22_b2s |        404 |        343 |       0 |   61 |  534 |      0 |      0 |          0 |
|       xbar                                                        |                                                            cnn_system_xbar_0 |        111 |        111 |       0 |    0 |  121 |      0 |      0 |          0 |
|         inst                                                      |                          cnn_system_xbar_0_axi_crossbar_v2_1_23_axi_crossbar |        111 |        111 |       0 |    0 |  121 |      0 |      0 |          0 |
|           gen_sasd.crossbar_sasd_0                                |                         cnn_system_xbar_0_axi_crossbar_v2_1_23_crossbar_sasd |        111 |        111 |       0 |    0 |  121 |      0 |      0 |          0 |
|             (gen_sasd.crossbar_sasd_0)                            |                         cnn_system_xbar_0_axi_crossbar_v2_1_23_crossbar_sasd |          2 |          2 |       0 |    0 |    6 |      0 |      0 |          0 |
|             addr_arbiter_inst                                     |                     cnn_system_xbar_0_axi_crossbar_v2_1_23_addr_arbiter_sasd |         60 |         60 |       0 |    0 |   32 |      0 |      0 |          0 |
|             gen_decerr.decerr_slave_inst                          |                          cnn_system_xbar_0_axi_crossbar_v2_1_23_decerr_slave |          7 |          7 |       0 |    0 |    4 |      0 |      0 |          0 |
|             reg_slice_r                                           |             cnn_system_xbar_0_axi_register_slice_v2_1_22_axic_register_slice |         36 |         36 |       0 |    0 |   74 |      0 |      0 |          0 |
|             splitter_ar                                           |              cnn_system_xbar_0_axi_crossbar_v2_1_23_splitter__parameterized0 |          0 |          0 |       0 |    0 |    2 |      0 |      0 |          0 |
|             splitter_aw                                           |                              cnn_system_xbar_0_axi_crossbar_v2_1_23_splitter |          7 |          7 |       0 |    0 |    3 |      0 |      0 |          0 |
|     rst_ps7_0_100M                                                |                                                  cnn_system_rst_ps7_0_100M_0 |         17 |         16 |       0 |    1 |   33 |      0 |      0 |          0 |
|       U0                                                          |                                   cnn_system_rst_ps7_0_100M_0_proc_sys_reset |         17 |         16 |       0 |    1 |   33 |      0 |      0 |          0 |
|         (U0)                                                      |                                   cnn_system_rst_ps7_0_100M_0_proc_sys_reset |          0 |          0 |       0 |    0 |    1 |      0 |      0 |          0 |
|         EXT_LPF                                                   |                                              cnn_system_rst_ps7_0_100M_0_lpf |          5 |          4 |       0 |    1 |   17 |      0 |      0 |          0 |
|           (EXT_LPF)                                               |                                              cnn_system_rst_ps7_0_100M_0_lpf |          2 |          1 |       0 |    1 |    9 |      0 |      0 |          0 |
|           ACTIVE_LOW_AUX.ACT_LO_AUX                               |                                         cnn_system_rst_ps7_0_100M_0_cdc_sync |          1 |          1 |       0 |    0 |    4 |      0 |      0 |          0 |
|           ACTIVE_LOW_EXT.ACT_LO_EXT                               |                                       cnn_system_rst_ps7_0_100M_0_cdc_sync_0 |          2 |          2 |       0 |    0 |    4 |      0 |      0 |          0 |
|         SEQ                                                       |                                     cnn_system_rst_ps7_0_100M_0_sequence_psr |         12 |         12 |       0 |    0 |   15 |      0 |      0 |          0 |
|           (SEQ)                                                   |                                     cnn_system_rst_ps7_0_100M_0_sequence_psr |          7 |          7 |       0 |    0 |    9 |      0 |      0 |          0 |
|           SEQ_COUNTER                                             |                                          cnn_system_rst_ps7_0_100M_0_upcnt_n |          5 |          5 |       0 |    0 |    6 |      0 |      0 |          0 |
|     xlconcat_0                                                    |                                                      cnn_system_xlconcat_0_0 |          0 |          0 |       0 |    0 |    0 |      0 |      0 |          0 |
+-------------------------------------------------------------------+------------------------------------------------------------------------------+------------+------------+---------+------+------+--------+--------+------------+
* Note: The sum of lower-level cells may be larger than their parent cells total, due to cross-hierarchy LUT combining


