Copyright 1986-2020 Xilinx, Inc. All Rights Reserved.
--------------------------------------------------------------------------------------------------------------------------------------
| Tool Version : Vivado v.2020.2 (win64) Build 3064766 Wed Nov 18 09:12:45 MST 2020
| Date         : Fri Sep  4 10:52:37 2026
| Host         : duyu running 64-bit major release  (build 9200)
| Command      : report_utilization -hierarchical -hierarchical_depth 6 -file D:/cnn_soc/reports/B0_1/b0_1_synth_utilization_hier.rpt
| Design       : cnn_system_wrapper
| Device       : 7z020clg400-2
| Design State : Synthesized
--------------------------------------------------------------------------------------------------------------------------------------

Utilization Design Information

Table of Contents
-----------------
1. Utilization by Hierarchy

1. Utilization by Hierarchy
---------------------------

+-------------------------------------------------------------------+------------------------------------------------------------------------------+------------+------------+---------+------+------+--------+--------+------------+
|                              Instance                             |                                    Module                                    | Total LUTs | Logic LUTs | LUTRAMs | SRLs |  FFs | RAMB36 | RAMB18 | DSP Blocks |
+-------------------------------------------------------------------+------------------------------------------------------------------------------+------------+------------+---------+------+------+--------+--------+------------+
| cnn_system_wrapper                                                |                                                                        (top) |       8169 |       7412 |     520 |  237 | 6846 |     13 |      1 |        152 |
|   cnn_system_i                                                    |                                                                   cnn_system |       8169 |       7412 |     520 |  237 | 6846 |     13 |      1 |        152 |
|     (cnn_system_i)                                                |                                                                   cnn_system |          0 |          0 |       0 |    0 |    0 |      0 |      0 |          0 |
|     axi_dma_0                                                     |                                                       cnn_system_axi_dma_0_0 |       1350 |       1194 |       8 |  148 | 1732 |      2 |      0 |          0 |
|       (axi_dma_0)                                                 |                                                       cnn_system_axi_dma_0_0 |          0 |          0 |       0 |    0 |    0 |      0 |      0 |          0 |
|       U0                                                          |                                               cnn_system_axi_dma_0_0_axi_dma |       1350 |       1194 |       8 |  148 | 1732 |      2 |      0 |          0 |
|         (U0)                                                      |                                               cnn_system_axi_dma_0_0_axi_dma |          0 |          0 |       0 |    0 |    0 |      0 |      0 |          0 |
|         INCLUDE_MM2S_SOF_EOF_GENERATOR.I_MM2S_DMA_MNGR            |                                     cnn_system_axi_dma_0_0_axi_dma_mm2s_mngr |         13 |         13 |       0 |    0 |   64 |      0 |      0 |          0 |
|           (INCLUDE_MM2S_SOF_EOF_GENERATOR.I_MM2S_DMA_MNGR)        |                                     cnn_system_axi_dma_0_0_axi_dma_mm2s_mngr |          0 |          0 |       0 |    0 |    1 |      0 |      0 |          0 |
|           GEN_MM2S_DMA_CONTROL.GEN_SIMPLE_DMA_MODE.I_MM2S_SMPL_SM |                                   cnn_system_axi_dma_0_0_axi_dma_smple_sm_29 |          9 |          9 |       0 |    0 |   53 |      0 |      0 |          0 |
|           GEN_MM2S_DMA_CONTROL.I_MM2S_CMDSTS                      |                                cnn_system_axi_dma_0_0_axi_dma_mm2s_cmdsts_if |          2 |          2 |       0 |    0 |    7 |      0 |      0 |          0 |
|           GEN_MM2S_DMA_CONTROL.I_MM2S_STS_MNGR                    |                                 cnn_system_axi_dma_0_0_axi_dma_mm2s_sts_mngr |          2 |          2 |       0 |    0 |    3 |      0 |      0 |          0 |
|         INCLUDE_MM2S_SOF_EOF_GENERATOR.I_MM2S_SOFEOF_GEN          |                                    cnn_system_axi_dma_0_0_axi_dma_sofeof_gen |          4 |          4 |       0 |    0 |    7 |      0 |      0 |          0 |
|         INCLUDE_S2MM_SOF_EOF_GENERATOR.I_S2MM_DMA_MNGR            |                                     cnn_system_axi_dma_0_0_axi_dma_s2mm_mngr |         22 |         22 |       0 |    0 |   80 |      0 |      0 |          0 |
|           (INCLUDE_S2MM_SOF_EOF_GENERATOR.I_S2MM_DMA_MNGR)        |                                     cnn_system_axi_dma_0_0_axi_dma_s2mm_mngr |          0 |          0 |       0 |    0 |    1 |      0 |      0 |          0 |
|           GEN_S2MM_DMA_CONTROL.GEN_SIMPLE_DMA_MODE.I_S2MM_SMPL_SM |                                      cnn_system_axi_dma_0_0_axi_dma_smple_sm |          9 |          9 |       0 |    0 |   53 |      0 |      0 |          0 |
|           GEN_S2MM_DMA_CONTROL.I_S2MM_CMDSTS                      |                                cnn_system_axi_dma_0_0_axi_dma_s2mm_cmdsts_if |         11 |         11 |       0 |    0 |   23 |      0 |      0 |          0 |
|           GEN_S2MM_DMA_CONTROL.I_S2MM_STS_MNGR                    |                                 cnn_system_axi_dma_0_0_axi_dma_s2mm_sts_mngr |          2 |          2 |       0 |    0 |    3 |      0 |      0 |          0 |
|         INCLUDE_S2MM_SOF_EOF_GENERATOR.I_S2MM_SOFEOF_GEN          |                                  cnn_system_axi_dma_0_0_axi_dma_sofeof_gen_0 |          4 |          4 |       0 |    0 |    7 |      0 |      0 |          0 |
|         I_AXI_DMA_REG_MODULE                                      |                                    cnn_system_axi_dma_0_0_axi_dma_reg_module |        146 |        146 |       0 |    0 |  243 |      0 |      0 |          0 |
|           (I_AXI_DMA_REG_MODULE)                                  |                                    cnn_system_axi_dma_0_0_axi_dma_reg_module |          2 |          2 |       0 |    0 |    0 |      0 |      0 |          0 |
|           GEN_AXI_LITE_IF.AXI_LITE_IF_I                           |                                       cnn_system_axi_dma_0_0_axi_dma_lite_if |        103 |        103 |       0 |    0 |   85 |      0 |      0 |          0 |
|           GEN_MM2S_REGISTERS.I_MM2S_DMA_REGISTER                  |                                      cnn_system_axi_dma_0_0_axi_dma_register |         24 |         24 |       0 |    0 |   79 |      0 |      0 |          0 |
|           GEN_S2MM_REGISTERS.I_S2MM_DMA_REGISTER                  |                                 cnn_system_axi_dma_0_0_axi_dma_register_s2mm |         17 |         17 |       0 |    0 |   79 |      0 |      0 |          0 |
|         I_PRMRY_DATAMOVER                                         |                                         cnn_system_axi_dma_0_0_axi_datamover |       1137 |        981 |       8 |  148 | 1289 |      2 |      0 |          0 |
|           GEN_MM2S_FULL.I_MM2S_FULL_WRAPPER                       |                          cnn_system_axi_dma_0_0_axi_datamover_mm2s_full_wrap |        396 |        339 |       0 |   57 |  403 |      1 |      0 |          0 |
|             ENABLE_AXIS_SKID.I_MM2S_SKID_BUF                      |                             cnn_system_axi_dma_0_0_axi_datamover_skid_buf_12 |          7 |          7 |       0 |    0 |   26 |      0 |      0 |          0 |
|             GEN_INCLUDE_MM2S_SF.I_RD_SF                           |                                   cnn_system_axi_dma_0_0_axi_datamover_rd_sf |        113 |        111 |       0 |    2 |   61 |      1 |      0 |          0 |
|             I_ADDR_CNTL                                           |                               cnn_system_axi_dma_0_0_axi_datamover_addr_cntl |         48 |          9 |       0 |   39 |   50 |      0 |      0 |          0 |
|             I_CMD_STATUS                                          |                              cnn_system_axi_dma_0_0_axi_datamover_cmd_status |         13 |         13 |       0 |    0 |   59 |      0 |      0 |          0 |
|             I_MSTR_PCC                                            |                                     cnn_system_axi_dma_0_0_axi_datamover_pcc |        149 |        149 |       0 |    0 |  156 |      0 |      0 |          0 |
|             I_RD_DATA_CNTL                                        |                             cnn_system_axi_dma_0_0_axi_datamover_rddata_cntl |         63 |         47 |       0 |   16 |   43 |      0 |      0 |          0 |
|             I_RD_STATUS_CNTLR                                     |                          cnn_system_axi_dma_0_0_axi_datamover_rd_status_cntl |          1 |          1 |       0 |    0 |    5 |      0 |      0 |          0 |
|             I_RESET                                               |                                cnn_system_axi_dma_0_0_axi_datamover_reset_13 |          2 |          2 |       0 |    0 |    3 |      0 |      0 |          0 |
|           GEN_S2MM_FULL.I_S2MM_FULL_WRAPPER                       |                          cnn_system_axi_dma_0_0_axi_datamover_s2mm_full_wrap |        741 |        642 |       8 |   91 |  886 |      1 |      0 |          0 |
|             ENABLE_AXIS_SKID.I_S2MM_STRM_SKID_BUF                 |                                cnn_system_axi_dma_0_0_axi_datamover_skid_buf |         16 |         16 |       0 |    0 |   26 |      0 |      0 |          0 |
|             GEN_ENABLE_INDET_BTT_SF.I_INDET_BTT                   |                               cnn_system_axi_dma_0_0_axi_datamover_indet_btt |        170 |        162 |       8 |    0 |  241 |      1 |      0 |          0 |
|             GEN_INCLUDE_IBTTCC.I_S2MM_MSTR_IBTTCC                 |                                  cnn_system_axi_dma_0_0_axi_datamover_ibttcc |        158 |        158 |       0 |    0 |  218 |      0 |      0 |          0 |
|             GEN_INCLUDE_REALIGNER.I_S2MM_REALIGNER                |                            cnn_system_axi_dma_0_0_axi_datamover_s2mm_realign |        163 |        141 |       0 |   22 |   96 |      0 |      0 |          0 |
|             I_ADDR_CNTL                                           |               cnn_system_axi_dma_0_0_axi_datamover_addr_cntl__parameterized0 |         50 |         10 |       0 |   40 |   51 |      0 |      0 |          0 |
|             I_CMD_STATUS                                          |              cnn_system_axi_dma_0_0_axi_datamover_cmd_status__parameterized0 |         20 |         20 |       0 |    0 |   75 |      0 |      0 |          0 |
|             I_RESET                                               |                                   cnn_system_axi_dma_0_0_axi_datamover_reset |          3 |          3 |       0 |    0 |    3 |      0 |      0 |          0 |
|             I_S2MM_MMAP_SKID_BUF                                  |                             cnn_system_axi_dma_0_0_axi_datamover_skid2mm_buf |         39 |         39 |       0 |    0 |   78 |      0 |      0 |          0 |
|             I_WR_DATA_CNTL                                        |                             cnn_system_axi_dma_0_0_axi_datamover_wrdata_cntl |         73 |         63 |       0 |   10 |   50 |      0 |      0 |          0 |
|             I_WR_STATUS_CNTLR                                     |                          cnn_system_axi_dma_0_0_axi_datamover_wr_status_cntl |         56 |         37 |       0 |   19 |   48 |      0 |      0 |          0 |
|         I_RST_MODULE                                              |                                    cnn_system_axi_dma_0_0_axi_dma_rst_module |         24 |         24 |       0 |    0 |   42 |      0 |      0 |          0 |
|           (I_RST_MODULE)                                          |                                    cnn_system_axi_dma_0_0_axi_dma_rst_module |          3 |          3 |       0 |    0 |    2 |      0 |      0 |          0 |
|           GEN_RESET_FOR_MM2S.RESET_I                              |                                         cnn_system_axi_dma_0_0_axi_dma_reset |         11 |         11 |       0 |    0 |   17 |      0 |      0 |          0 |
|           GEN_RESET_FOR_S2MM.RESET_I                              |                                       cnn_system_axi_dma_0_0_axi_dma_reset_1 |         10 |         10 |       0 |    0 |   15 |      0 |      0 |          0 |
|           REG_HRD_RST                                             |                                              cnn_system_axi_dma_0_0_cdc_sync |          0 |          0 |       0 |    0 |    4 |      0 |      0 |          0 |
|           REG_HRD_RST_OUT                                         |                                            cnn_system_axi_dma_0_0_cdc_sync_2 |          0 |          0 |       0 |    0 |    4 |      0 |      0 |          0 |
|     axi_intc_0                                                    |                                                      cnn_system_axi_intc_0_0 |         77 |         77 |       0 |    0 |   73 |      0 |      0 |          0 |
|       (axi_intc_0)                                                |                                                      cnn_system_axi_intc_0_0 |          0 |          0 |       0 |    0 |    0 |      0 |      0 |          0 |
|       U0                                                          |                                             cnn_system_axi_intc_0_0_axi_intc |         77 |         77 |       0 |    0 |   73 |      0 |      0 |          0 |
|         (U0)                                                      |                                             cnn_system_axi_intc_0_0_axi_intc |          0 |          0 |       0 |    0 |    4 |      0 |      0 |          0 |
|         AXI_LITE_IPIF_I                                           |                                        cnn_system_axi_intc_0_0_axi_lite_ipif |         65 |         65 |       0 |    0 |   49 |      0 |      0 |          0 |
|           I_SLAVE_ATTACHMENT                                      |                                     cnn_system_axi_intc_0_0_slave_attachment |         65 |         65 |       0 |    0 |   49 |      0 |      0 |          0 |
|             (I_SLAVE_ATTACHMENT)                                  |                                     cnn_system_axi_intc_0_0_slave_attachment |         29 |         29 |       0 |    0 |   29 |      0 |      0 |          0 |
|             I_DECODER                                             |                                      cnn_system_axi_intc_0_0_address_decoder |         36 |         36 |       0 |    0 |   20 |      0 |      0 |          0 |
|         INTC_CORE_I                                               |                                            cnn_system_axi_intc_0_0_intc_core |         12 |         12 |       0 |    0 |   20 |      0 |      0 |          0 |
|     axi_smc                                                       |                                                         cnn_system_axi_smc_0 |        503 |        386 |     108 |    9 |  401 |      0 |      0 |          0 |
|       (axi_smc)                                                   |                                                         cnn_system_axi_smc_0 |          0 |          0 |       0 |    0 |    0 |      0 |      0 |          0 |
|       inst                                                        |                                                 cnn_system_axi_smc_0_bd_29af |        503 |        386 |     108 |    9 |  401 |      0 |      0 |          0 |
|         (inst)                                                    |                                                 cnn_system_axi_smc_0_bd_29af |          0 |          0 |       0 |    0 |    0 |      0 |      0 |          0 |
|         clk_map                                                   |                                     cnn_system_axi_smc_0_clk_map_imp_103N3R8 |         13 |         12 |       0 |    1 |   22 |      0 |      0 |          0 |
|           psr_aclk                                                |                                      cnn_system_axi_smc_0_bd_29af_psr_aclk_0 |         13 |         12 |       0 |    1 |   22 |      0 |      0 |          0 |
|             U0                                                    |                                          cnn_system_axi_smc_0_proc_sys_reset |         13 |         12 |       0 |    1 |   22 |      0 |      0 |          0 |
|         m00_exit_pipeline                                         |                            cnn_system_axi_smc_0_m00_exit_pipeline_imp_Y1MBRZ |        225 |        217 |       0 |    8 |  158 |      0 |      0 |          0 |
|           m00_exit                                                |                                          cnn_system_axi_smc_0_bd_29af_m00e_0 |        225 |        217 |       0 |    8 |  158 |      0 |      0 |          0 |
|             (m00_exit)                                            |                                          cnn_system_axi_smc_0_bd_29af_m00e_0 |          0 |          0 |       0 |    0 |    0 |      0 |      0 |          0 |
|             inst                                                  |                                     cnn_system_axi_smc_0_sc_exit_v1_0_11_top |        225 |        217 |       0 |    8 |  158 |      0 |      0 |          0 |
|         m00_sc2axi                                                |                                        cnn_system_axi_smc_0_bd_29af_m00s2a_0 |          0 |          0 |       0 |    0 |    0 |      0 |      0 |          0 |
|           (m00_sc2axi)                                            |                                        cnn_system_axi_smc_0_bd_29af_m00s2a_0 |          0 |          0 |       0 |    0 |    0 |      0 |      0 |          0 |
|           inst                                                    |                                    cnn_system_axi_smc_0_sc_sc2axi_v1_0_7_top |          0 |          0 |       0 |    0 |    0 |      0 |      0 |          0 |
|         s00_axi2sc                                                |                                        cnn_system_axi_smc_0_bd_29af_s00a2s_0 |          0 |          0 |       0 |    0 |    0 |      0 |      0 |          0 |
|           (s00_axi2sc)                                            |                                        cnn_system_axi_smc_0_bd_29af_s00a2s_0 |          0 |          0 |       0 |    0 |    0 |      0 |      0 |          0 |
|           inst                                                    |                                    cnn_system_axi_smc_0_sc_axi2sc_v1_0_7_top |          0 |          0 |       0 |    0 |    0 |      0 |      0 |          0 |
|         s00_entry_pipeline                                        |                          cnn_system_axi_smc_0_s00_entry_pipeline_imp_1X98658 |         30 |         30 |       0 |    0 |   17 |      0 |      0 |          0 |
|           s00_mmu                                                 |                                        cnn_system_axi_smc_0_bd_29af_s00mmu_0 |         10 |         10 |       0 |    0 |   10 |      0 |      0 |          0 |
|             (s00_mmu)                                             |                                        cnn_system_axi_smc_0_bd_29af_s00mmu_0 |          0 |          0 |       0 |    0 |    0 |      0 |      0 |          0 |
|             inst                                                  |                                      cnn_system_axi_smc_0_sc_mmu_v1_0_10_top |         10 |         10 |       0 |    0 |   10 |      0 |      0 |          0 |
|           s00_si_converter                                        |                                        cnn_system_axi_smc_0_bd_29af_s00sic_0 |         19 |         19 |       0 |    0 |    4 |      0 |      0 |          0 |
|             (s00_si_converter)                                    |                                        cnn_system_axi_smc_0_bd_29af_s00sic_0 |          0 |          0 |       0 |    0 |    0 |      0 |      0 |          0 |
|             inst                                                  |                             cnn_system_axi_smc_0_sc_si_converter_v1_0_10_top |         19 |         19 |       0 |    0 |    4 |      0 |      0 |          0 |
|           s00_transaction_regulator                               |                                         cnn_system_axi_smc_0_bd_29af_s00tr_0 |          1 |          1 |       0 |    0 |    3 |      0 |      0 |          0 |
|             (s00_transaction_regulator)                           |                                         cnn_system_axi_smc_0_bd_29af_s00tr_0 |          0 |          0 |       0 |    0 |    0 |      0 |      0 |          0 |
|             inst                                                  |                     cnn_system_axi_smc_0_sc_transaction_regulator_v1_0_9_top |          1 |          1 |       0 |    0 |    3 |      0 |      0 |          0 |
|         s00_nodes                                                 |                                   cnn_system_axi_smc_0_s00_nodes_imp_1TIQL1I |        235 |        127 |     108 |    0 |  204 |      0 |      0 |          0 |
|           s00_ar_node                                             |                                          cnn_system_axi_smc_0_bd_29af_sarn_0 |        102 |         46 |      56 |    0 |  100 |      0 |      0 |          0 |
|             (s00_ar_node)                                         |                                          cnn_system_axi_smc_0_bd_29af_sarn_0 |          0 |          0 |       0 |    0 |    0 |      0 |      0 |          0 |
|             inst                                                  |                                     cnn_system_axi_smc_0_sc_node_v1_0_12_top |        102 |         46 |      56 |    0 |  100 |      0 |      0 |          0 |
|           s00_r_node                                              |                                           cnn_system_axi_smc_0_bd_29af_srn_0 |        133 |         81 |      52 |    0 |  104 |      0 |      0 |          0 |
|             (s00_r_node)                                          |                                           cnn_system_axi_smc_0_bd_29af_srn_0 |          0 |          0 |       0 |    0 |    0 |      0 |      0 |          0 |
|             inst                                                  |                     cnn_system_axi_smc_0_sc_node_v1_0_12_top__parameterized0 |        133 |         81 |      52 |    0 |  104 |      0 |      0 |          0 |
|     axi_smc_1                                                     |                                                       cnn_system_axi_smc_1_0 |        598 |        476 |     108 |   14 |  554 |      0 |      0 |          0 |
|       (axi_smc_1)                                                 |                                                       cnn_system_axi_smc_1_0 |          0 |          0 |       0 |    0 |    0 |      0 |      0 |          0 |
|       inst                                                        |                                               cnn_system_axi_smc_1_0_bd_0ad4 |        598 |        476 |     108 |   14 |  554 |      0 |      0 |          0 |
|         (inst)                                                    |                                               cnn_system_axi_smc_1_0_bd_0ad4 |          0 |          0 |       0 |    0 |    0 |      0 |      0 |          0 |
|         clk_map                                                   |                                   cnn_system_axi_smc_1_0_clk_map_imp_1DKJU1M |         13 |         12 |       0 |    1 |   22 |      0 |      0 |          0 |
|           psr_aclk                                                |                                    cnn_system_axi_smc_1_0_bd_0ad4_psr_aclk_0 |         13 |         12 |       0 |    1 |   22 |      0 |      0 |          0 |
|             U0                                                    |                                        cnn_system_axi_smc_1_0_proc_sys_reset |         13 |         12 |       0 |    1 |   22 |      0 |      0 |          0 |
|         m00_exit_pipeline                                         |                          cnn_system_axi_smc_1_0_m00_exit_pipeline_imp_KJG4CH |        243 |        235 |       0 |    8 |  173 |      0 |      0 |          0 |
|           m00_exit                                                |                                        cnn_system_axi_smc_1_0_bd_0ad4_m00e_0 |        243 |        235 |       0 |    8 |  173 |      0 |      0 |          0 |
|             (m00_exit)                                            |                                        cnn_system_axi_smc_1_0_bd_0ad4_m00e_0 |          0 |          0 |       0 |    0 |    0 |      0 |      0 |          0 |
|             inst                                                  |                                   cnn_system_axi_smc_1_0_sc_exit_v1_0_11_top |        243 |        235 |       0 |    8 |  173 |      0 |      0 |          0 |
|         m00_sc2axi                                                |                                      cnn_system_axi_smc_1_0_bd_0ad4_m00s2a_0 |          0 |          0 |       0 |    0 |    0 |      0 |      0 |          0 |
|           (m00_sc2axi)                                            |                                      cnn_system_axi_smc_1_0_bd_0ad4_m00s2a_0 |          0 |          0 |       0 |    0 |    0 |      0 |      0 |          0 |
|           inst                                                    |                                  cnn_system_axi_smc_1_0_sc_sc2axi_v1_0_7_top |          0 |          0 |       0 |    0 |    0 |      0 |      0 |          0 |
|         s00_axi2sc                                                |                                      cnn_system_axi_smc_1_0_bd_0ad4_s00a2s_0 |          0 |          0 |       0 |    0 |    0 |      0 |      0 |          0 |
|           (s00_axi2sc)                                            |                                      cnn_system_axi_smc_1_0_bd_0ad4_s00a2s_0 |          0 |          0 |       0 |    0 |    0 |      0 |      0 |          0 |
|           inst                                                    |                                  cnn_system_axi_smc_1_0_sc_axi2sc_v1_0_7_top |          0 |          0 |       0 |    0 |    0 |      0 |      0 |          0 |
|         s00_entry_pipeline                                        |                        cnn_system_axi_smc_1_0_s00_entry_pipeline_imp_1JTK7PE |         82 |         77 |       0 |    5 |   40 |      0 |      0 |          0 |
|           s00_mmu                                                 |                                      cnn_system_axi_smc_1_0_bd_0ad4_s00mmu_0 |         29 |         29 |       0 |    0 |   19 |      0 |      0 |          0 |
|             (s00_mmu)                                             |                                      cnn_system_axi_smc_1_0_bd_0ad4_s00mmu_0 |          0 |          0 |       0 |    0 |    0 |      0 |      0 |          0 |
|             inst                                                  |                                    cnn_system_axi_smc_1_0_sc_mmu_v1_0_10_top |         29 |         29 |       0 |    0 |   19 |      0 |      0 |          0 |
|           s00_si_converter                                        |                                      cnn_system_axi_smc_1_0_bd_0ad4_s00sic_0 |         52 |         47 |       0 |    5 |   18 |      0 |      0 |          0 |
|             (s00_si_converter)                                    |                                      cnn_system_axi_smc_1_0_bd_0ad4_s00sic_0 |          0 |          0 |       0 |    0 |    0 |      0 |      0 |          0 |
|             inst                                                  |                           cnn_system_axi_smc_1_0_sc_si_converter_v1_0_10_top |         52 |         47 |       0 |    5 |   18 |      0 |      0 |          0 |
|           s00_transaction_regulator                               |                                       cnn_system_axi_smc_1_0_bd_0ad4_s00tr_0 |          1 |          1 |       0 |    0 |    3 |      0 |      0 |          0 |
|             (s00_transaction_regulator)                           |                                       cnn_system_axi_smc_1_0_bd_0ad4_s00tr_0 |          0 |          0 |       0 |    0 |    0 |      0 |      0 |          0 |
|             inst                                                  |                   cnn_system_axi_smc_1_0_sc_transaction_regulator_v1_0_9_top |          1 |          1 |       0 |    0 |    3 |      0 |      0 |          0 |
|         s00_nodes                                                 |                                 cnn_system_axi_smc_1_0_s00_nodes_imp_1P7FKEW |        260 |        152 |     108 |    0 |  319 |      0 |      0 |          0 |
|           s00_aw_node                                             |                                        cnn_system_axi_smc_1_0_bd_0ad4_sawn_0 |         98 |         46 |      52 |    0 |   96 |      0 |      0 |          0 |
|             (s00_aw_node)                                         |                                        cnn_system_axi_smc_1_0_bd_0ad4_sawn_0 |          0 |          0 |       0 |    0 |    0 |      0 |      0 |          0 |
|             inst                                                  |                                   cnn_system_axi_smc_1_0_sc_node_v1_0_12_top |         98 |         46 |      52 |    0 |   96 |      0 |      0 |          0 |
|           s00_b_node                                              |                                         cnn_system_axi_smc_1_0_bd_0ad4_sbn_0 |         49 |         45 |       4 |    0 |   34 |      0 |      0 |          0 |
|             (s00_b_node)                                          |                                         cnn_system_axi_smc_1_0_bd_0ad4_sbn_0 |          0 |          0 |       0 |    0 |    0 |      0 |      0 |          0 |
|             inst                                                  |                   cnn_system_axi_smc_1_0_sc_node_v1_0_12_top__parameterized0 |         49 |         45 |       4 |    0 |   34 |      0 |      0 |          0 |
|           s00_w_node                                              |                                         cnn_system_axi_smc_1_0_bd_0ad4_swn_0 |        113 |         61 |      52 |    0 |  189 |      0 |      0 |          0 |
|             (s00_w_node)                                          |                                         cnn_system_axi_smc_1_0_bd_0ad4_swn_0 |          0 |          0 |       0 |    0 |    0 |      0 |      0 |          0 |
|             inst                                                  |                   cnn_system_axi_smc_1_0_sc_node_v1_0_12_top__parameterized1 |        113 |         61 |      52 |    0 |  189 |      0 |      0 |          0 |
|     axis_cnn_mnist_0                                              |                                                cnn_system_axis_cnn_mnist_0_0 |       4962 |       4686 |     276 |    0 | 3216 |      9 |      0 |        152 |
|       (axis_cnn_mnist_0)                                          |                                                cnn_system_axis_cnn_mnist_0_0 |         29 |         29 |       0 |    0 |    0 |      0 |      0 |          0 |
|       inst                                                        |                                 cnn_system_axis_cnn_mnist_0_0_axis_cnn_mnist |       4933 |       4657 |     276 |    0 | 3216 |      9 |      0 |        152 |
|         (inst)                                                    |                                 cnn_system_axis_cnn_mnist_0_0_axis_cnn_mnist |         14 |         14 |       0 |    0 |   25 |      0 |      0 |          0 |
|         u_conv1                                                   |                                    cnn_system_axis_cnn_mnist_0_0_conv1_layer |       1737 |       1533 |     204 |    0 | 1106 |      0 |      0 |          0 |
|           u_conv1_buf                                             |                                      cnn_system_axis_cnn_mnist_0_0_conv1_buf |       1096 |        892 |     204 |    0 |  103 |      0 |      0 |          0 |
|           u_conv1_calc                                            |                                     cnn_system_axis_cnn_mnist_0_0_conv1_calc |        648 |        648 |       0 |    0 | 1003 |      0 |      0 |          0 |
|         u_conv2                                                   |                                    cnn_system_axis_cnn_mnist_0_0_conv2_layer |       1882 |       1882 |       0 |    0 |  618 |      9 |      0 |        144 |
|           (u_conv2)                                               |                                    cnn_system_axis_cnn_mnist_0_0_conv2_layer |         31 |         31 |       0 |    0 |    0 |      0 |      0 |          0 |
|           u_buf                                                   |                                      cnn_system_axis_cnn_mnist_0_0_conv2_buf |         93 |         93 |       0 |    0 |   22 |      9 |      0 |          0 |
|           u_calc                                                  |                                     cnn_system_axis_cnn_mnist_0_0_conv2_calc |       1761 |       1761 |       0 |    0 |  596 |      0 |      0 |        144 |
|         u_fc                                                      |                                cnn_system_axis_cnn_mnist_0_0_fully_connected |        711 |        639 |      72 |    0 |  164 |      0 |      0 |          8 |
|         u_pool1                                                   |                                   cnn_system_axis_cnn_mnist_0_0_maxpool_relu |        254 |        254 |       0 |    0 |  670 |      0 |      0 |          0 |
|         u_pool2                                                   |                   cnn_system_axis_cnn_mnist_0_0_maxpool_relu__parameterized0 |        348 |        348 |       0 |    0 |  633 |      0 |      0 |          0 |
|     axis_data_fifo_0                                              |                                                cnn_system_axis_data_fifo_0_0 |         32 |         32 |       0 |    0 |   69 |      2 |      1 |          0 |
|       (axis_data_fifo_0)                                          |                                                cnn_system_axis_data_fifo_0_0 |          0 |          0 |       0 |    0 |    0 |      0 |      0 |          0 |
|       inst                                                        |                      cnn_system_axis_data_fifo_0_0_axis_data_fifo_v2_0_4_top |         32 |         32 |       0 |    0 |   69 |      2 |      1 |          0 |
|         (inst)                                                    |                      cnn_system_axis_data_fifo_0_0_axis_data_fifo_v2_0_4_top |          0 |          0 |       0 |    0 |    0 |      0 |      0 |          0 |
|         gen_fifo.xpm_fifo_axis_inst                               |                                  cnn_system_axis_data_fifo_0_0_xpm_fifo_axis |         32 |         32 |       0 |    0 |   69 |      2 |      1 |          0 |
|           (gen_fifo.xpm_fifo_axis_inst)                           |                                  cnn_system_axis_data_fifo_0_0_xpm_fifo_axis |          2 |          2 |       0 |    0 |    0 |      0 |      0 |          0 |
|           gaxis_rst_sync.xpm_cdc_sync_rst_inst                    |                               cnn_system_axis_data_fifo_0_0_xpm_cdc_sync_rst |          0 |          0 |       0 |    0 |    4 |      0 |      0 |          0 |
|           xpm_fifo_base_inst                                      |                                  cnn_system_axis_data_fifo_0_0_xpm_fifo_base |         30 |         30 |       0 |    0 |   65 |      2 |      1 |          0 |
|             (xpm_fifo_base_inst)                                  |                                  cnn_system_axis_data_fifo_0_0_xpm_fifo_base |          4 |          4 |       0 |    0 |    7 |      0 |      0 |          0 |
|             gen_sdpram.xpm_memory_base_inst                       |                                cnn_system_axis_data_fifo_0_0_xpm_memory_base |          0 |          0 |       0 |    0 |    0 |      2 |      1 |          0 |
|             rdp_inst                                              |               cnn_system_axis_data_fifo_0_0_xpm_counter_updn__parameterized0 |         12 |         12 |       0 |    0 |   13 |      0 |      0 |          0 |
|             rdpp1_inst                                            |               cnn_system_axis_data_fifo_0_0_xpm_counter_updn__parameterized1 |          2 |          2 |       0 |    0 |   13 |      0 |      0 |          0 |
|             rst_d1_inst                                           |                               cnn_system_axis_data_fifo_0_0_xpm_fifo_reg_bit |          3 |          3 |       0 |    0 |    1 |      0 |      0 |          0 |
|             wrp_inst                                              |             cnn_system_axis_data_fifo_0_0_xpm_counter_updn__parameterized0_0 |          6 |          6 |       0 |    0 |   13 |      0 |      0 |          0 |
|             wrpp1_inst                                            |             cnn_system_axis_data_fifo_0_0_xpm_counter_updn__parameterized1_1 |          1 |          1 |       0 |    0 |   13 |      0 |      0 |          0 |
|             xpm_fifo_rst_inst                                     |                                   cnn_system_axis_data_fifo_0_0_xpm_fifo_rst |          2 |          2 |       0 |    0 |    5 |      0 |      0 |          0 |
|     axis_data_fifo_1                                              |                                                cnn_system_axis_data_fifo_1_0 |         61 |         41 |      20 |    0 |   69 |      0 |      0 |          0 |
|       (axis_data_fifo_1)                                          |                                                cnn_system_axis_data_fifo_1_0 |          0 |          0 |       0 |    0 |    0 |      0 |      0 |          0 |
|       inst                                                        |                      cnn_system_axis_data_fifo_1_0_axis_data_fifo_v2_0_4_top |         61 |         41 |      20 |    0 |   69 |      0 |      0 |          0 |
|         (inst)                                                    |                      cnn_system_axis_data_fifo_1_0_axis_data_fifo_v2_0_4_top |          0 |          0 |       0 |    0 |    0 |      0 |      0 |          0 |
|         gen_fifo.xpm_fifo_axis_inst                               |                                  cnn_system_axis_data_fifo_1_0_xpm_fifo_axis |         61 |         41 |      20 |    0 |   69 |      0 |      0 |          0 |
|           (gen_fifo.xpm_fifo_axis_inst)                           |                                  cnn_system_axis_data_fifo_1_0_xpm_fifo_axis |          2 |          2 |       0 |    0 |    0 |      0 |      0 |          0 |
|           gaxis_rst_sync.xpm_cdc_sync_rst_inst                    |                               cnn_system_axis_data_fifo_1_0_xpm_cdc_sync_rst |          0 |          0 |       0 |    0 |    4 |      0 |      0 |          0 |
|           xpm_fifo_base_inst                                      |                                  cnn_system_axis_data_fifo_1_0_xpm_fifo_base |         59 |         39 |      20 |    0 |   65 |      0 |      0 |          0 |
|             (xpm_fifo_base_inst)                                  |                                  cnn_system_axis_data_fifo_1_0_xpm_fifo_base |          3 |          3 |       0 |    0 |    7 |      0 |      0 |          0 |
|             gen_sdpram.xpm_memory_base_inst                       |                                cnn_system_axis_data_fifo_1_0_xpm_memory_base |         20 |          0 |      20 |    0 |   28 |      0 |      0 |          0 |
|             rdp_inst                                              |               cnn_system_axis_data_fifo_1_0_xpm_counter_updn__parameterized0 |         14 |         14 |       0 |    0 |    6 |      0 |      0 |          0 |
|             rdpp1_inst                                            |               cnn_system_axis_data_fifo_1_0_xpm_counter_updn__parameterized1 |          6 |          6 |       0 |    0 |    6 |      0 |      0 |          0 |
|             rst_d1_inst                                           |                               cnn_system_axis_data_fifo_1_0_xpm_fifo_reg_bit |          1 |          1 |       0 |    0 |    1 |      0 |      0 |          0 |
|             wrp_inst                                              |             cnn_system_axis_data_fifo_1_0_xpm_counter_updn__parameterized0_0 |          8 |          8 |       0 |    0 |    6 |      0 |      0 |          0 |
|             wrpp1_inst                                            |             cnn_system_axis_data_fifo_1_0_xpm_counter_updn__parameterized1_1 |          5 |          5 |       0 |    0 |    6 |      0 |      0 |          0 |
|             xpm_fifo_rst_inst                                     |                                   cnn_system_axis_data_fifo_1_0_xpm_fifo_rst |          2 |          2 |       0 |    0 |    5 |      0 |      0 |          0 |
|     processing_system7_0                                          |                                            cnn_system_processing_system7_0_0 |         24 |         24 |       0 |    0 |    0 |      0 |      0 |          0 |
|       (processing_system7_0)                                      |                                            cnn_system_processing_system7_0_0 |          0 |          0 |       0 |    0 |    0 |      0 |      0 |          0 |
|       inst                                                        | cnn_system_processing_system7_0_0_processing_system7_v5_5_processing_system7 |         24 |         24 |       0 |    0 |    0 |      0 |      0 |          0 |
|     ps7_0_axi_periph                                              |                                                cnn_system_ps7_0_axi_periph_0 |        543 |        478 |       0 |   65 |  692 |      0 |      0 |          0 |
|       (ps7_0_axi_periph)                                          |                                                cnn_system_ps7_0_axi_periph_0 |          0 |          0 |       0 |    0 |    0 |      0 |      0 |          0 |
|       s00_couplers                                                |                                                     s00_couplers_imp_12EVL4N |        421 |        356 |       0 |   65 |  562 |      0 |      0 |          0 |
|         auto_pc                                                   |                                                         cnn_system_auto_pc_0 |        421 |        356 |       0 |   65 |  562 |      0 |      0 |          0 |
|           (auto_pc)                                               |                                                         cnn_system_auto_pc_0 |          0 |          0 |       0 |    0 |    0 |      0 |      0 |          0 |
|           inst                                                    |   cnn_system_auto_pc_0_axi_protocol_converter_v2_1_22_axi_protocol_converter |        421 |        356 |       0 |   65 |  562 |      0 |      0 |          0 |
|             (inst)                                                |   cnn_system_auto_pc_0_axi_protocol_converter_v2_1_22_axi_protocol_converter |          0 |          0 |       0 |    0 |    0 |      0 |      0 |          0 |
|             gen_axilite.gen_b2s_conv.axilite_b2s                  |                      cnn_system_auto_pc_0_axi_protocol_converter_v2_1_22_b2s |        421 |        356 |       0 |   65 |  562 |      0 |      0 |          0 |
|       xbar                                                        |                                                            cnn_system_xbar_0 |        122 |        122 |       0 |    0 |  130 |      0 |      0 |          0 |
|         (xbar)                                                    |                                                            cnn_system_xbar_0 |          0 |          0 |       0 |    0 |    0 |      0 |      0 |          0 |
|         inst                                                      |                          cnn_system_xbar_0_axi_crossbar_v2_1_23_axi_crossbar |        122 |        122 |       0 |    0 |  130 |      0 |      0 |          0 |
|           (inst)                                                  |                          cnn_system_xbar_0_axi_crossbar_v2_1_23_axi_crossbar |          0 |          0 |       0 |    0 |    0 |      0 |      0 |          0 |
|           gen_sasd.crossbar_sasd_0                                |                         cnn_system_xbar_0_axi_crossbar_v2_1_23_crossbar_sasd |        122 |        122 |       0 |    0 |  130 |      0 |      0 |          0 |
|             (gen_sasd.crossbar_sasd_0)                            |                         cnn_system_xbar_0_axi_crossbar_v2_1_23_crossbar_sasd |          2 |          2 |       0 |    0 |    6 |      0 |      0 |          0 |
|             addr_arbiter_inst                                     |                     cnn_system_xbar_0_axi_crossbar_v2_1_23_addr_arbiter_sasd |         69 |         69 |       0 |    0 |   41 |      0 |      0 |          0 |
|             gen_decerr.decerr_slave_inst                          |                          cnn_system_xbar_0_axi_crossbar_v2_1_23_decerr_slave |          7 |          7 |       0 |    0 |    4 |      0 |      0 |          0 |
|             reg_slice_r                                           |             cnn_system_xbar_0_axi_register_slice_v2_1_22_axic_register_slice |         37 |         37 |       0 |    0 |   74 |      0 |      0 |          0 |
|             splitter_ar                                           |              cnn_system_xbar_0_axi_crossbar_v2_1_23_splitter__parameterized0 |          0 |          0 |       0 |    0 |    2 |      0 |      0 |          0 |
|             splitter_aw                                           |                              cnn_system_xbar_0_axi_crossbar_v2_1_23_splitter |          7 |          7 |       0 |    0 |    3 |      0 |      0 |          0 |
|     rst_ps7_0_100M                                                |                                                  cnn_system_rst_ps7_0_100M_0 |         19 |         18 |       0 |    1 |   40 |      0 |      0 |          0 |
|       U0                                                          |                                   cnn_system_rst_ps7_0_100M_0_proc_sys_reset |         19 |         18 |       0 |    1 |   40 |      0 |      0 |          0 |
|         (U0)                                                      |                                   cnn_system_rst_ps7_0_100M_0_proc_sys_reset |          0 |          0 |       0 |    0 |    5 |      0 |      0 |          0 |
|         EXT_LPF                                                   |                                              cnn_system_rst_ps7_0_100M_0_lpf |          6 |          5 |       0 |    1 |   17 |      0 |      0 |          0 |
|           (EXT_LPF)                                               |                                              cnn_system_rst_ps7_0_100M_0_lpf |          2 |          1 |       0 |    1 |    9 |      0 |      0 |          0 |
|           ACTIVE_LOW_AUX.ACT_LO_AUX                               |                                         cnn_system_rst_ps7_0_100M_0_cdc_sync |          2 |          2 |       0 |    0 |    4 |      0 |      0 |          0 |
|           ACTIVE_LOW_EXT.ACT_LO_EXT                               |                                       cnn_system_rst_ps7_0_100M_0_cdc_sync_0 |          2 |          2 |       0 |    0 |    4 |      0 |      0 |          0 |
|         SEQ                                                       |                                     cnn_system_rst_ps7_0_100M_0_sequence_psr |         13 |         13 |       0 |    0 |   18 |      0 |      0 |          0 |
|           (SEQ)                                                   |                                     cnn_system_rst_ps7_0_100M_0_sequence_psr |          8 |          8 |       0 |    0 |   12 |      0 |      0 |          0 |
|           SEQ_COUNTER                                             |                                          cnn_system_rst_ps7_0_100M_0_upcnt_n |          5 |          5 |       0 |    0 |    6 |      0 |      0 |          0 |
|     xlconcat_0                                                    |                                                      cnn_system_xlconcat_0_0 |          0 |          0 |       0 |    0 |    0 |      0 |      0 |          0 |
+-------------------------------------------------------------------+------------------------------------------------------------------------------+------------+------------+---------+------+------+--------+--------+------------+


